Archive member included to satisfy reference by file (symbol)

F:/Programme/STM32CubeIDE/STM32CubeIDE_1.12.1/STM32CubeIDE/plugins/com.st.stm32cube.ide.mcu.externaltools.gnu-tools-for-stm32.12.3.rel1.win32_1.0.100.202403111256/tools/bin/../lib/gcc/arm-none-eabi/12.3.1/../../../../arm-none-eabi/lib/thumb/v7e-m/nofp\libc_nano.a(libc_a-exit.o)
                              F:/Programme/STM32CubeIDE/STM32CubeIDE_1.12.1/STM32CubeIDE/plugins/com.st.stm32cube.ide.mcu.externaltools.gnu-tools-for-stm32.12.3.rel1.win32_1.0.100.202403111256/tools/bin/../lib/gcc/arm-none-eabi/12.3.1/../../../../arm-none-eabi/lib/thumb/v7e-m/nofp/crt0.o (exit)
F:/Programme/STM32CubeIDE/STM32CubeIDE_1.12.1/STM32CubeIDE/plugins/com.st.stm32cube.ide.mcu.externaltools.gnu-tools-for-stm32.12.3.rel1.win32_1.0.100.202403111256/tools/bin/../lib/gcc/arm-none-eabi/12.3.1/../../../../arm-none-eabi/lib/thumb/v7e-m/nofp\libc_nano.a(libc_a-findfp.o)
                              F:/Programme/STM32CubeIDE/STM32CubeIDE_1.12.1/STM32CubeIDE/plugins/com.st.stm32cube.ide.mcu.externaltools.gnu-tools-for-stm32.12.3.rel1.win32_1.0.100.202403111256/tools/bin/../lib/gcc/arm-none-eabi/12.3.1/../../../../arm-none-eabi/lib/thumb/v7e-m/nofp\libc_nano.a(libc_a-exit.o) (__stdio_exit_handler)
F:/Programme/STM32CubeIDE/STM32CubeIDE_1.12.1/STM32CubeIDE/plugins/com.st.stm32cube.ide.mcu.externaltools.gnu-tools-for-stm32.12.3.rel1.win32_1.0.100.202403111256/tools/bin/../lib/gcc/arm-none-eabi/12.3.1/../../../../arm-none-eabi/lib/thumb/v7e-m/nofp\libc_nano.a(libc_a-fwalk.o)
                              F:/Programme/STM32CubeIDE/STM32CubeIDE_1.12.1/STM32CubeIDE/plugins/com.st.stm32cube.ide.mcu.externaltools.gnu-tools-for-stm32.12.3.rel1.win32_1.0.100.202403111256/tools/bin/../lib/gcc/arm-none-eabi/12.3.1/../../../../arm-none-eabi/lib/thumb/v7e-m/nofp\libc_nano.a(libc_a-findfp.o) (_fwalk_sglue)
F:/Programme/STM32CubeIDE/STM32CubeIDE_1.12.1/STM32CubeIDE/plugins/com.st.stm32cube.ide.mcu.externaltools.gnu-tools-for-stm32.12.3.rel1.win32_1.0.100.202403111256/tools/bin/../lib/gcc/arm-none-eabi/12.3.1/../../../../arm-none-eabi/lib/thumb/v7e-m/nofp\libc_nano.a(libc_a-sprintf.o)
                              ./Core/Src/main.o (sprintf)
F:/Programme/STM32CubeIDE/STM32CubeIDE_1.12.1/STM32CubeIDE/plugins/com.st.stm32cube.ide.mcu.externaltools.gnu-tools-for-stm32.12.3.rel1.win32_1.0.100.202403111256/tools/bin/../lib/gcc/arm-none-eabi/12.3.1/../../../../arm-none-eabi/lib/thumb/v7e-m/nofp\libc_nano.a(libc_a-stdio.o)
                              F:/Programme/STM32CubeIDE/STM32CubeIDE_1.12.1/STM32CubeIDE/plugins/com.st.stm32cube.ide.mcu.externaltools.gnu-tools-for-stm32.12.3.rel1.win32_1.0.100.202403111256/tools/bin/../lib/gcc/arm-none-eabi/12.3.1/../../../../arm-none-eabi/lib/thumb/v7e-m/nofp\libc_nano.a(libc_a-findfp.o) (__sread)
F:/Programme/STM32CubeIDE/STM32CubeIDE_1.12.1/STM32CubeIDE/plugins/com.st.stm32cube.ide.mcu.externaltools.gnu-tools-for-stm32.12.3.rel1.win32_1.0.100.202403111256/tools/bin/../lib/gcc/arm-none-eabi/12.3.1/../../../../arm-none-eabi/lib/thumb/v7e-m/nofp\libc_nano.a(libc_a-memset.o)
                              F:/Programme/STM32CubeIDE/STM32CubeIDE_1.12.1/STM32CubeIDE/plugins/com.st.stm32cube.ide.mcu.externaltools.gnu-tools-for-stm32.12.3.rel1.win32_1.0.100.202403111256/tools/bin/../lib/gcc/arm-none-eabi/12.3.1/../../../../arm-none-eabi/lib/thumb/v7e-m/nofp/crt0.o (memset)
F:/Programme/STM32CubeIDE/STM32CubeIDE_1.12.1/STM32CubeIDE/plugins/com.st.stm32cube.ide.mcu.externaltools.gnu-tools-for-stm32.12.3.rel1.win32_1.0.100.202403111256/tools/bin/../lib/gcc/arm-none-eabi/12.3.1/../../../../arm-none-eabi/lib/thumb/v7e-m/nofp\libc_nano.a(libc_a-closer.o)
                              F:/Programme/STM32CubeIDE/STM32CubeIDE_1.12.1/STM32CubeIDE/plugins/com.st.stm32cube.ide.mcu.externaltools.gnu-tools-for-stm32.12.3.rel1.win32_1.0.100.202403111256/tools/bin/../lib/gcc/arm-none-eabi/12.3.1/../../../../arm-none-eabi/lib/thumb/v7e-m/nofp\libc_nano.a(libc_a-stdio.o) (_close_r)
F:/Programme/STM32CubeIDE/STM32CubeIDE_1.12.1/STM32CubeIDE/plugins/com.st.stm32cube.ide.mcu.externaltools.gnu-tools-for-stm32.12.3.rel1.win32_1.0.100.202403111256/tools/bin/../lib/gcc/arm-none-eabi/12.3.1/../../../../arm-none-eabi/lib/thumb/v7e-m/nofp\libc_nano.a(libc_a-reent.o)
                              F:/Programme/STM32CubeIDE/STM32CubeIDE_1.12.1/STM32CubeIDE/plugins/com.st.stm32cube.ide.mcu.externaltools.gnu-tools-for-stm32.12.3.rel1.win32_1.0.100.202403111256/tools/bin/../lib/gcc/arm-none-eabi/12.3.1/../../../../arm-none-eabi/lib/thumb/v7e-m/nofp\libc_nano.a(libc_a-closer.o) (errno)
F:/Programme/STM32CubeIDE/STM32CubeIDE_1.12.1/STM32CubeIDE/plugins/com.st.stm32cube.ide.mcu.externaltools.gnu-tools-for-stm32.12.3.rel1.win32_1.0.100.202403111256/tools/bin/../lib/gcc/arm-none-eabi/12.3.1/../../../../arm-none-eabi/lib/thumb/v7e-m/nofp\libc_nano.a(libc_a-impure.o)
[...]
Memory Configuration

Name             Origin             Length             Attributes
RAM              0x20000000         0x00010000         xrw
RAM2             0x10000000         0x00008000         xrw
FLASH            0x08000000         0x00040000         xr
*default*        0x00000000         0xffffffff

Linker script and memory map

LOAD F:/Programme/STM32CubeIDE/STM32CubeIDE_1.12.1/STM32CubeIDE/plugins/com.st.stm32cube.ide.mcu.externaltools.gnu-tools-for-stm32.12.3.rel1.win32_1.0.100.202403111256/tools/bin/../lib/gcc/arm-none-eabi/12.3.1/thumb/v7e-m/nofp/crti.o
LOAD F:/Programme/STM32CubeIDE/STM32CubeIDE_1.12.1/STM32CubeIDE/plugins/com.st.stm32cube.ide.mcu.externaltools.gnu-tools-for-stm32.12.3.rel1.win32_1.0.100.202403111256/tools/bin/../lib/gcc/arm-none-eabi/12.3.1/thumb/v7e-m/nofp/crtbegin.o
LOAD F:/Programme/STM32CubeIDE/STM32CubeIDE_1.12.1/STM32CubeIDE/plugins/com.st.stm32cube.ide.mcu.externaltools.gnu-tools-for-stm32.12.3.rel1.win32_1.0.100.202403111256/tools/bin/../lib/gcc/arm-none-eabi/12.3.1/../../../../arm-none-eabi/lib/thumb/v7e-m/nofp/crt0.o
LOAD ./Core/Src/main.o
LOAD ./Core/Src/stm32wlxx_hal_msp.o
LOAD ./Core/Src/stm32wlxx_it.o
LOAD ./Core/Src/syscalls.o
LOAD ./Core/Src/sysmem.o
LOAD ./Core/Src/system_stm32wlxx.o
LOAD ./Core/Startup/startup_stm32wle5jcix.o
LOAD ./Drivers/STM32WLxx_HAL_Driver/Src/stm32wlxx_hal.o
LOAD ./Drivers/STM32WLxx_HAL_Driver/Src/stm32wlxx_hal_cortex.o
LOAD ./Drivers/STM32WLxx_HAL_Driver/Src/stm32wlxx_hal_dma.o
LOAD ./Drivers/STM32WLxx_HAL_Driver/Src/stm32wlxx_hal_dma_ex.o
LOAD ./Drivers/STM32WLxx_HAL_Driver/Src/stm32wlxx_hal_exti.o
LOAD ./Drivers/STM32WLxx_HAL_Driver/Src/stm32wlxx_hal_flash.o
LOAD ./Drivers/STM32WLxx_HAL_Driver/Src/stm32wlxx_hal_flash_ex.o
LOAD ./Drivers/STM32WLxx_HAL_Driver/Src/stm32wlxx_hal_gpio.o
LOAD ./Drivers/STM32WLxx_HAL_Driver/Src/stm32wlxx_hal_pwr.o
LOAD ./Drivers/STM32WLxx_HAL_Driver/Src/stm32wlxx_hal_pwr_ex.o
LOAD ./Drivers/STM32WLxx_HAL_Driver/Src/stm32wlxx_hal_rcc.o
LOAD ./Drivers/STM32WLxx_HAL_Driver/Src/stm32wlxx_hal_rcc_ex.o
LOAD ./Drivers/STM32WLxx_HAL_Driver/Src/stm32wlxx_hal_subghz.o
LOAD ./Drivers/STM32WLxx_HAL_Driver/Src/stm32wlxx_hal_tim.o
LOAD ./Drivers/STM32WLxx_HAL_Driver/Src/stm32wlxx_hal_tim_ex.o
LOAD ./Drivers/STM32WLxx_HAL_Driver/Src/stm32wlxx_hal_uart.o
LOAD ./Drivers/STM32WLxx_HAL_Driver/Src/stm32wlxx_hal_uart_ex.o
START GROUP
LOAD F:/Programme/STM32CubeIDE/STM32CubeIDE_1.12.1/STM32CubeIDE/plugins/com.st.stm32cube.ide.mcu.externaltools.gnu-tools-for-stm32.12.3.rel1.win32_1.0.100.202403111256/tools/bin/../lib/gcc/arm-none-eabi/12.3.1/../../../../arm-none-eabi/lib/thumb/v7e-m/nofp\libc_nano.a
LOAD F:/Programme/STM32CubeIDE/STM32CubeIDE_1.12.1/STM32CubeIDE/plugins/com.st.stm32cube.ide.mcu.externaltools.gnu-tools-for-stm32.12.3.rel1.win32_1.0.100.202403111256/tools/bin/../lib/gcc/arm-none-eabi/12.3.1/../../../../arm-none-eabi/lib/thumb/v7e-m/nofp\libm.a
END GROUP
START GROUP
LOAD F:/Programme/STM32CubeIDE/STM32CubeIDE_1.12.1/STM32CubeIDE/plugins/com.st.stm32cube.ide.mcu.externaltools.gnu-tools-for-stm32.12.3.rel1.win32_1.0.100.202403111256/tools/bin/../lib/gcc/arm-none-eabi/12.3.1/thumb/v7e-m/nofp\libgcc.a
LOAD F:/Programme/STM32CubeIDE/STM32CubeIDE_1.12.1/STM32CubeIDE/plugins/com.st.stm32cube.ide.mcu.externaltools.gnu-tools-for-stm32.12.3.rel1.win32_1.0.100.202403111256/tools/bin/../lib/gcc/arm-none-eabi/12.3.1/../../../../arm-none-eabi/lib/thumb/v7e-m/nofp\libc_nano.a
END GROUP
START GROUP
LOAD F:/Programme/STM32CubeIDE/STM32CubeIDE_1.12.1/STM32CubeIDE/plugins/com.st.stm32cube.ide.mcu.externaltools.gnu-tools-for-stm32.12.3.rel1.win32_1.0.100.202403111256/tools/bin/../lib/gcc/arm-none-eabi/12.3.1/thumb/v7e-m/nofp\libgcc.a
LOAD F:/Programme/STM32CubeIDE/STM32CubeIDE_1.12.1/STM32CubeIDE/plugins/com.st.stm32cube.ide.mcu.externaltools.gnu-tools-for-stm32.12.3.rel1.win32_1.0.100.202403111256/tools/bin/../lib/gcc/arm-none-eabi/12.3.1/../../../../arm-none-eabi/lib/thumb/v7e-m/nofp\libc_nano.a
LOAD F:/Programme/STM32CubeIDE/STM32CubeIDE_1.12.1/STM32CubeIDE/plugins/com.st.stm32cube.ide.mcu.externaltools.gnu-tools-for-stm32.12.3.rel1.win32_1.0.100.202403111256/tools/bin/../lib/gcc/arm-none-eabi/12.3.1/../../../../arm-none-eabi/lib/thumb/v7e-m/nofp\libnosys.a
END GROUP
START GROUP
LOAD F:/Programme/STM32CubeIDE/STM32CubeIDE_1.12.1/STM32CubeIDE/plugins/com.st.stm32cube.ide.mcu.externaltools.gnu-tools-for-stm32.12.3.rel1.win32_1.0.100.202403111256/tools/bin/../lib/gcc/arm-none-eabi/12.3.1/thumb/v7e-m/nofp\libgcc.a
LOAD F:/Programme/STM32CubeIDE/STM32CubeIDE_1.12.1/STM32CubeIDE/plugins/com.st.stm32cube.ide.mcu.externaltools.gnu-tools-for-stm32.12.3.rel1.win32_1.0.100.202403111256/tools/bin/../lib/gcc/arm-none-eabi/12.3.1/../../../../arm-none-eabi/lib/thumb/v7e-m/nofp\libc_nano.a
LOAD F:/Programme/STM32CubeIDE/STM32CubeIDE_1.12.1/STM32CubeIDE/plugins/com.st.stm32cube.ide.mcu.externaltools.gnu-tools-for-stm32.12.3.rel1.win32_1.0.100.202403111256/tools/bin/../lib/gcc/arm-none-eabi/12.3.1/../../../../arm-none-eabi/lib/thumb/v7e-m/nofp\libnosys.a
END GROUP
LOAD F:/Programme/STM32CubeIDE/STM32CubeIDE_1.12.1/STM32CubeIDE/plugins/com.st.stm32cube.ide.mcu.externaltools.gnu-tools-for-stm32.12.3.rel1.win32_1.0.100.202403111256/tools/bin/../lib/gcc/arm-none-eabi/12.3.1/thumb/v7e-m/nofp/crtend.o
LOAD F:/Programme/STM32CubeIDE/STM32CubeIDE_1.12.1/STM32CubeIDE/plugins/com.st.stm32cube.ide.mcu.externaltools.gnu-tools-for-stm32.12.3.rel1.win32_1.0.100.202403111256/tools/bin/../lib/gcc/arm-none-eabi/12.3.1/thumb/v7e-m/nofp/crtn.o
                0x20010000                        _estack = (ORIGIN (RAM) + LENGTH (RAM))
                0x00000200                        _Min_Heap_Size = 0x200
                0x00000400                        _Min_Stack_Size = 0x400

.isr_vector     0x08000000      0x138
                0x08000000                        . = ALIGN (0x4)
 *(.isr_vector)
 .isr_vector    0x08000000      0x138 ./Core/Startup/startup_stm32wle5jcix.o
                0x08000000                g_pfnVectors
                0x08000138                        . = ALIGN (0x4)

.text           0x08000140     0x43e8
                0x08000140                        . = ALIGN (0x4)
 *(.text)
 .text          0x08000140       0x40 F:/Programme/STM32CubeIDE/STM32CubeIDE_1.12.1/STM32CubeIDE/plugins/com.st.stm32cube.ide.mcu.externaltools.gnu-tools-for-stm32.12.3.rel1.win32_1.0.100.202403111256/tools/bin/../lib/gcc/arm-none-eabi/12.3.1/thumb/v7e-m/nofp/crtbegin.o
 .text          0x08000180       0xa0 F:/Programme/STM32CubeIDE/STM32CubeIDE_1.12.1/STM32CubeIDE/plugins/com.st.stm32cube.ide.mcu.externaltools.gnu-tools-for-stm32.12.3.rel1.win32_1.0.100.202403111256/tools/bin/../lib/gcc/arm-none-eabi/12.3.1/../../../../arm-none-eabi/lib/thumb/v7e-m/nofp\libc_nano.a(libc_a-memchr.o)
                0x08000180                memchr
 .text          0x08000220       0x30 F:/Programme/STM32CubeIDE/STM32CubeIDE_1.12.1/STM32CubeIDE/plugins/com.st.stm32cube.ide.mcu.externaltools.gnu-tools-for-stm32.12.3.rel1.win32_1.0.100.202403111256/tools/bin/../lib/gcc/arm-none-eabi/12.3.1/thumb/v7e-m/nofp\libgcc.a(_aeabi_uldivmod.o)
                0x08000220                __aeabi_uldivmod
 .text          0x08000250      0x2bc F:/Programme/STM32CubeIDE/STM32CubeIDE_1.12.1/STM32CubeIDE/plugins/com.st.stm32cube.ide.mcu.externaltools.gnu-tools-for-stm32.12.3.rel1.win32_1.0.100.202403111256/tools/bin/../lib/gcc/arm-none-eabi/12.3.1/thumb/v7e-m/nofp\libgcc.a(_udivmoddi4.o)
                0x08000250                __udivmoddi4
 .text          0x0800050c        0x4 F:/Programme/STM32CubeIDE/STM32CubeIDE_1.12.1/STM32CubeIDE/plugins/com.st.stm32cube.ide.mcu.externaltools.gnu-tools-for-stm32.12.3.rel1.win32_1.0.100.202403111256/tools/bin/../lib/gcc/arm-none-eabi/12.3.1/thumb/v7e-m/nofp\libgcc.a(_dvmd_tls.o)
                0x0800050c                __aeabi_idiv0
                0x0800050c                __aeabi_ldiv0
 *(.text*)
 .text.LL_AHB2_GRP1_EnableClock
                0x08000510       0x30 ./Core/Src/main.o
 .text.main     0x08000540      0x368 ./Core/Src/main.o
                0x08000540                main
 .text.SystemClock_Config
                0x080008a8       0xa4 ./Core/Src/main.o
                0x080008a8                SystemClock_Config
 .text.MX_SUBGHZ_Init
                0x0800094c       0x24 ./Core/Src/main.o
 .text.MX_USART1_UART_Init
                0x08000970       0x98 ./Core/Src/main.o
 .text.MX_GPIO_Init
                0x08000a08       0x50 ./Core/Src/main.o
 .text.Error_Handler
                0x08000a58        0xc ./Core/Src/main.o
                0x08000a58                Error_Handler
 .text.LL_AHB2_GRP1_EnableClock
                0x08000a64       0x30 ./Core/Src/stm32wlxx_hal_msp.o
 .text.LL_APB2_GRP1_EnableClock
                0x08000a94       0x30 ./Core/Src/stm32wlxx_hal_msp.o
 .text.LL_APB3_GRP1_EnableClock
                0x08000ac4       0x30 ./Core/Src/stm32wlxx_hal_msp.o
 .text.HAL_MspInit
                0x08000af4        0xc ./Core/Src/stm32wlxx_hal_msp.o
                0x08000af4                HAL_MspInit
 .text.HAL_SUBGHZ_MspInit
                0x08000b00       0x16 ./Core/Src/stm32wlxx_hal_msp.o
                0x08000b00                HAL_SUBGHZ_MspInit
 *fill*         0x08000b16        0x2 
 .text.HAL_UART_MspInit
                0x08000b18       0x8c ./Core/Src/stm32wlxx_hal_msp.o
                0x08000b18                HAL_UART_MspInit
 .text.NMI_Handler
                0x08000ba4        0x8 ./Core/Src/stm32wlxx_it.o
                0x08000ba4                NMI_Handler
 .text.HardFault_Handler
                0x08000bac        0x8 ./Core/Src/stm32wlxx_it.o
                0x08000bac                HardFault_Handler
 .text.MemManage_Handler
                0x08000bb4        0x8 ./Core/Src/stm32wlxx_it.o
                0x08000bb4                MemManage_Handler
 .text.BusFault_Handler
                0x08000bbc        0x8 ./Core/Src/stm32wlxx_it.o
                0x08000bbc                BusFault_Handler
 .text.UsageFault_Handler
                0x08000bc4        0x8 ./Core/Src/stm32wlxx_it.o
                0x08000bc4                UsageFault_Handler
 .text.SVC_Handler
                0x08000bcc        0xc ./Core/Src/stm32wlxx_it.o
                0x08000bcc                SVC_Handler
 .text.DebugMon_Handler
                0x08000bd8        0xc ./Core/Src/stm32wlxx_it.o
                0x08000bd8                DebugMon_Handler
 .text.PendSV_Handler
                0x08000be4        0xc ./Core/Src/stm32wlxx_it.o
                0x08000be4                PendSV_Handler
 .text.SysTick_Handler
                0x08000bf0        0xc ./Core/Src/stm32wlxx_it.o
                0x08000bf0                SysTick_Handler
 .text._sbrk    0x08000bfc       0x6c ./Core/Src/sysmem.o
                0x08000bfc                _sbrk
 .text.SystemInit
                0x08000c68        0xc ./Core/Src/system_stm32wlxx.o
                0x08000c68                SystemInit
 .text.Reset_Handler
                0x08000c74       0x50 ./Core/Startup/startup_stm32wle5jcix.o
                0x08000c74                Reset_Handler
 .text.Default_Handler
                0x08000cc4        0x2 ./Core/Startup/startup_stm32wle5jcix.o
                0x08000cc4                RTC_Alarm_IRQHandler
                0x08000cc4                EXTI2_IRQHandler
                0x08000cc4                TIM1_CC_IRQHandler
                0x08000cc4                EXTI3_IRQHandler
                0x08000cc4                LPTIM2_IRQHandler
                0x08000cc4                I2C3_ER_IRQHandler
                0x08000cc4                LPTIM3_IRQHandler
                0x08000cc4                EXTI0_IRQHandler
                0x08000cc4                I2C2_EV_IRQHandler
                0x08000cc4                TAMP_STAMP_LSECSS_SSRU_IRQHandler
                0x08000cc4                SPI1_IRQHandler
                0x08000cc4                DMA2_Channel2_IRQHandler
                0x08000cc4                DMA1_Channel4_IRQHandler
                0x08000cc4                PKA_IRQHandler
                0x08000cc4                TIM17_IRQHandler
                0x08000cc4                DMA1_Channel7_IRQHandler
                0x08000cc4                SUBGHZSPI_IRQHandler
                0x08000cc4                DMA2_Channel1_IRQHandler
                0x08000cc4                I2C1_EV_IRQHandler
                0x08000cc4                SUBGHZ_Radio_IRQHandler
                0x08000cc4                DMAMUX1_OVR_IRQHandler
                0x08000cc4                DMA1_Channel6_IRQHandler
                0x08000cc4                TIM16_IRQHandler
                0x08000cc4                DMA2_Channel4_IRQHandler
                0x08000cc4                RCC_IRQHandler
                0x08000cc4                TIM1_TRG_COM_IRQHandler
                0x08000cc4                DMA1_Channel1_IRQHandler
                0x08000cc4                Default_Handler
                0x08000cc4                DMA2_Channel7_IRQHandler
                0x08000cc4                EXTI15_10_IRQHandler
                0x08000cc4                ADC_IRQHandler
                0x08000cc4                I2C3_EV_IRQHandler
                0x08000cc4                EXTI9_5_IRQHandler
                0x08000cc4                RTC_WKUP_IRQHandler
                0x08000cc4                PVD_PVM_IRQHandler
                0x08000cc4                SPI2_IRQHandler
                0x08000cc4                DMA2_Channel5_IRQHandler
                0x08000cc4                DMA1_Channel5_IRQHandler
                0x08000cc4                EXTI4_IRQHandler
                0x08000cc4                RNG_IRQHandler
                0x08000cc4                DMA1_Channel3_IRQHandler
                0x08000cc4                COMP_IRQHandler
                0x08000cc4                HSEM_IRQHandler
                0x08000cc4                TIM1_UP_IRQHandler
                0x08000cc4                WWDG_IRQHandler
                0x08000cc4                LPUART1_IRQHandler
                0x08000cc4                DMA2_Channel6_IRQHandler
                0x08000cc4                TIM2_IRQHandler
                0x08000cc4                TIM1_BRK_IRQHandler
                0x08000cc4                DAC_IRQHandler
                0x08000cc4                EXTI1_IRQHandler
                0x08000cc4                AES_IRQHandler
                0x08000cc4                USART2_IRQHandler
                0x08000cc4                I2C2_ER_IRQHandler
                0x08000cc4                DMA1_Channel2_IRQHandler
                0x08000cc4                FLASH_IRQHandler
                0x08000cc4                USART1_IRQHandler
                0x08000cc4                I2C1_ER_IRQHandler
                0x08000cc4                LPTIM1_IRQHandler
                0x08000cc4                DMA2_Channel3_IRQHandler
 *fill*         0x08000cc6        0x2 
 .text.HAL_Init
                0x08000cc8       0x40 ./Drivers/STM32WLxx_HAL_Driver/Src/stm32wlxx_hal.o
                0x08000cc8                HAL_Init
 .text.HAL_InitTick
                0x08000d08       0x74 ./Drivers/STM32WLxx_HAL_Driver/Src/stm32wlxx_hal.o
                0x08000d08                HAL_InitTick
 .text.HAL_IncTick
                0x08000d7c       0x24 ./Drivers/STM32WLxx_HAL_Driver/Src/stm32wlxx_hal.o
                0x08000d7c                HAL_IncTick
 .text.HAL_GetTick
                0x08000da0       0x14 ./Drivers/STM32WLxx_HAL_Driver/Src/stm32wlxx_hal.o
                0x08000da0                HAL_GetTick
 .text.HAL_Delay
                0x08000db4       0x48 ./Drivers/STM32WLxx_HAL_Driver/Src/stm32wlxx_hal.o
                0x08000db4                HAL_Delay
 .text.__NVIC_SetPriorityGrouping
                0x08000dfc       0x48 ./Drivers/STM32WLxx_HAL_Driver/Src/stm32wlxx_hal_cortex.o
 .text.__NVIC_GetPriorityGrouping
                0x08000e44       0x1c ./Drivers/STM32WLxx_HAL_Driver/Src/stm32wlxx_hal_cortex.o
 .text.__NVIC_SetPriority
                0x08000e60       0x54 ./Drivers/STM32WLxx_HAL_Driver/Src/stm32wlxx_hal_cortex.o
 .text.NVIC_EncodePriority
                0x08000eb4       0x64 ./Drivers/STM32WLxx_HAL_Driver/Src/stm32wlxx_hal_cortex.o
 .text.SysTick_Config
                0x08000f18       0x44 ./Drivers/STM32WLxx_HAL_Driver/Src/stm32wlxx_hal_cortex.o
 .text.HAL_NVIC_SetPriorityGrouping
                0x08000f5c       0x16 ./Drivers/STM32WLxx_HAL_Driver/Src/stm32wlxx_hal_cortex.o
                0x08000f5c                HAL_NVIC_SetPriorityGrouping
 .text.HAL_NVIC_SetPriority
                0x08000f72       0x34 ./Drivers/STM32WLxx_HAL_Driver/Src/stm32wlxx_hal_cortex.o
                0x08000f72                HAL_NVIC_SetPriority
 .text.HAL_SYSTICK_Config
                0x08000fa6       0x18 ./Drivers/STM32WLxx_HAL_Driver/Src/stm32wlxx_hal_cortex.o
                0x08000fa6                HAL_SYSTICK_Config
 *fill*         0x08000fbe        0x2 
 .text.HAL_GPIO_Init
                0x08000fc0      0x2c0 ./Drivers/STM32WLxx_HAL_Driver/Src/stm32wlxx_hal_gpio.o
                0x08000fc0                HAL_GPIO_Init
 .text.HAL_GPIO_WritePin
                0x08001280       0x2e ./Drivers/STM32WLxx_HAL_Driver/Src/stm32wlxx_hal_gpio.o
                0x08001280                HAL_GPIO_WritePin
 *fill*         0x080012ae        0x2 
 .text.HAL_PWR_EnableBkUpAccess
                0x080012b0       0x1c ./Drivers/STM32WLxx_HAL_Driver/Src/stm32wlxx_hal_pwr.o
                0x080012b0                HAL_PWR_EnableBkUpAccess
 .text.HAL_PWREx_GetVoltageRange
                0x080012cc       0x18 ./Drivers/STM32WLxx_HAL_Driver/Src/stm32wlxx_hal_pwr_ex.o
                0x080012cc                HAL_PWREx_GetVoltageRange
 .text.LL_PWR_IsEnabledBkUpAccess
                0x080012e4       0x24 ./Drivers/STM32WLxx_HAL_Driver/Src/stm32wlxx_hal_rcc.o
 .text.LL_RCC_HSE_EnableTcxo
                0x08001308       0x1c ./Drivers/STM32WLxx_HAL_Driver/Src/stm32wlxx_hal_rcc.o
 .text.LL_RCC_HSE_DisableTcxo
                0x08001324       0x1c ./Drivers/STM32WLxx_HAL_Driver/Src/stm32wlxx_hal_rcc.o
 .text.LL_RCC_HSE_IsEnabledDiv2
                0x08001340       0x22 ./Drivers/STM32WLxx_HAL_Driver/Src/stm32wlxx_hal_rcc.o
 .text.LL_RCC_HSE_Enable
                0x08001362       0x1c ./Drivers/STM32WLxx_HAL_Driver/Src/stm32wlxx_hal_rcc.o
 .text.LL_RCC_HSE_Disable
                0x0800137e       0x1c ./Drivers/STM32WLxx_HAL_Driver/Src/stm32wlxx_hal_rcc.o
 .text.LL_RCC_HSE_IsReady
                0x0800139a       0x22 ./Drivers/STM32WLxx_HAL_Driver/Src/stm32wlxx_hal_rcc.o
 .text.LL_RCC_HSI_Enable
                0x080013bc       0x1c ./Drivers/STM32WLxx_HAL_Driver/Src/stm32wlxx_hal_rcc.o
 .text.LL_RCC_HSI_Disable
                0x080013d8       0x1c ./Drivers/STM32WLxx_HAL_Driver/Src/stm32wlxx_hal_rcc.o
 .text.LL_RCC_HSI_IsReady
                0x080013f4       0x22 ./Drivers/STM32WLxx_HAL_Driver/Src/stm32wlxx_hal_rcc.o
 .text.LL_RCC_HSI_SetCalibTrimming
                0x08001416       0x28 ./Drivers/STM32WLxx_HAL_Driver/Src/stm32wlxx_hal_rcc.o
 .text.LL_RCC_LSE_IsReady
                0x0800143e       0x22 ./Drivers/STM32WLxx_HAL_Driver/Src/stm32wlxx_hal_rcc.o
 .text.LL_RCC_LSI_Enable
                0x08001460       0x20 ./Drivers/STM32WLxx_HAL_Driver/Src/stm32wlxx_hal_rcc.o
 .text.LL_RCC_LSI_Disable
                0x08001480       0x20 ./Drivers/STM32WLxx_HAL_Driver/Src/stm32wlxx_hal_rcc.o
 .text.LL_RCC_LSI_IsReady
                0x080014a0       0x22 ./Drivers/STM32WLxx_HAL_Driver/Src/stm32wlxx_hal_rcc.o
 .text.LL_RCC_MSI_Enable
                0x080014c2       0x1c ./Drivers/STM32WLxx_HAL_Driver/Src/stm32wlxx_hal_rcc.o
 .text.LL_RCC_MSI_Disable
                0x080014de       0x1c ./Drivers/STM32WLxx_HAL_Driver/Src/stm32wlxx_hal_rcc.o
 .text.LL_RCC_MSI_IsReady
                0x080014fa       0x20 ./Drivers/STM32WLxx_HAL_Driver/Src/stm32wlxx_hal_rcc.o
 .text.LL_RCC_MSI_IsEnabledRangeSelect
                0x0800151a       0x20 ./Drivers/STM32WLxx_HAL_Driver/Src/stm32wlxx_hal_rcc.o
 .text.LL_RCC_MSI_GetRange
                0x0800153a       0x16 ./Drivers/STM32WLxx_HAL_Driver/Src/stm32wlxx_hal_rcc.o
 .text.LL_RCC_MSI_GetRangeAfterStandby
                0x08001550       0x18 ./Drivers/STM32WLxx_HAL_Driver/Src/stm32wlxx_hal_rcc.o
 .text.LL_RCC_MSI_SetCalibTrimming
                0x08001568       0x28 ./Drivers/STM32WLxx_HAL_Driver/Src/stm32wlxx_hal_rcc.o
 .text.LL_RCC_SetSysClkSource
                0x08001590       0x26 ./Drivers/STM32WLxx_HAL_Driver/Src/stm32wlxx_hal_rcc.o
 .text.LL_RCC_GetSysClkSource
                0x080015b6       0x16 ./Drivers/STM32WLxx_HAL_Driver/Src/stm32wlxx_hal_rcc.o
 .text.LL_RCC_SetAHBPrescaler
                0x080015cc       0x26 ./Drivers/STM32WLxx_HAL_Driver/Src/stm32wlxx_hal_rcc.o
 .text.LL_RCC_SetAHB3Prescaler
                0x080015f2       0x2c ./Drivers/STM32WLxx_HAL_Driver/Src/stm32wlxx_hal_rcc.o
 .text.LL_RCC_SetAPB1Prescaler
                0x0800161e       0x26 ./Drivers/STM32WLxx_HAL_Driver/Src/stm32wlxx_hal_rcc.o
 .text.LL_RCC_SetAPB2Prescaler
                0x08001644       0x26 ./Drivers/STM32WLxx_HAL_Driver/Src/stm32wlxx_hal_rcc.o
 .text.LL_RCC_GetAHBPrescaler
                0x0800166a       0x16 ./Drivers/STM32WLxx_HAL_Driver/Src/stm32wlxx_hal_rcc.o
 .text.LL_RCC_GetAHB3Prescaler
                0x08001680       0x1a ./Drivers/STM32WLxx_HAL_Driver/Src/stm32wlxx_hal_rcc.o
 .text.LL_RCC_GetAPB1Prescaler
                0x0800169a       0x16 ./Drivers/STM32WLxx_HAL_Driver/Src/stm32wlxx_hal_rcc.o
 .text.LL_RCC_GetAPB2Prescaler
                0x080016b0       0x16 ./Drivers/STM32WLxx_HAL_Driver/Src/stm32wlxx_hal_rcc.o
 .text.LL_RCC_PLL_Enable
                0x080016c6       0x1c ./Drivers/STM32WLxx_HAL_Driver/Src/stm32wlxx_hal_rcc.o
 .text.LL_RCC_PLL_Disable
                0x080016e2       0x1c ./Drivers/STM32WLxx_HAL_Driver/Src/stm32wlxx_hal_rcc.o
 .text.LL_RCC_PLL_IsReady
                0x080016fe       0x22 ./Drivers/STM32WLxx_HAL_Driver/Src/stm32wlxx_hal_rcc.o
 .text.LL_RCC_PLL_GetN
                0x08001720       0x18 ./Drivers/STM32WLxx_HAL_Driver/Src/stm32wlxx_hal_rcc.o
 .text.LL_RCC_PLL_GetR
                0x08001738       0x16 ./Drivers/STM32WLxx_HAL_Driver/Src/stm32wlxx_hal_rcc.o
 .text.LL_RCC_PLL_GetDivider
                0x0800174e       0x16 ./Drivers/STM32WLxx_HAL_Driver/Src/stm32wlxx_hal_rcc.o
 .text.LL_RCC_PLL_GetMainSource
                0x08001764       0x16 ./Drivers/STM32WLxx_HAL_Driver/Src/stm32wlxx_hal_rcc.o
 .text.LL_RCC_IsActiveFlag_HPRE
                0x0800177a       0x22 ./Drivers/STM32WLxx_HAL_Driver/Src/stm32wlxx_hal_rcc.o
 .text.LL_RCC_IsActiveFlag_SHDHPRE
                0x0800179c       0x24 ./Drivers/STM32WLxx_HAL_Driver/Src/stm32wlxx_hal_rcc.o
 .text.LL_RCC_IsActiveFlag_PPRE1
                0x080017c0       0x22 ./Drivers/STM32WLxx_HAL_Driver/Src/stm32wlxx_hal_rcc.o
 .text.LL_RCC_IsActiveFlag_PPRE2
                0x080017e2       0x22 ./Drivers/STM32WLxx_HAL_Driver/Src/stm32wlxx_hal_rcc.o
 .text.HAL_RCC_OscConfig
                0x08001804      0x704 ./Drivers/STM32WLxx_HAL_Driver/Src/stm32wlxx_hal_rcc.o
                0x08001804                HAL_RCC_OscConfig
 .text.HAL_RCC_ClockConfig
                0x08001f08      0x248 ./Drivers/STM32WLxx_HAL_Driver/Src/stm32wlxx_hal_rcc.o
                0x08001f08                HAL_RCC_ClockConfig
 .text.HAL_RCC_GetSysClockFreq
                0x08002150      0x140 ./Drivers/STM32WLxx_HAL_Driver/Src/stm32wlxx_hal_rcc.o
                0x08002150                HAL_RCC_GetSysClockFreq
 .text.HAL_RCC_GetHCLKFreq
                0x08002290       0x28 ./Drivers/STM32WLxx_HAL_Driver/Src/stm32wlxx_hal_rcc.o
                0x08002290                HAL_RCC_GetHCLKFreq
 .text.HAL_RCC_GetPCLK1Freq
                0x080022b8       0x24 ./Drivers/STM32WLxx_HAL_Driver/Src/stm32wlxx_hal_rcc.o
                0x080022b8                HAL_RCC_GetPCLK1Freq
 .text.HAL_RCC_GetPCLK2Freq
                0x080022dc       0x24 ./Drivers/STM32WLxx_HAL_Driver/Src/stm32wlxx_hal_rcc.o
                0x080022dc                HAL_RCC_GetPCLK2Freq
 .text.RCC_SetFlashLatencyFromMSIRange
                0x08002300       0x60 ./Drivers/STM32WLxx_HAL_Driver/Src/stm32wlxx_hal_rcc.o
 .text.RCC_SetFlashLatency
                0x08002360      0x104 ./Drivers/STM32WLxx_HAL_Driver/Src/stm32wlxx_hal_rcc.o
 .text.LL_RCC_LSE_IsReady
                0x08002464       0x22 ./Drivers/STM32WLxx_HAL_Driver/Src/stm32wlxx_hal_rcc_ex.o
 .text.LL_RCC_SetUSARTClockSource
                0x08002486       0x30 ./Drivers/STM32WLxx_HAL_Driver/Src/stm32wlxx_hal_rcc_ex.o
 .text.LL_RCC_SetI2SClockSource
                0x080024b6       0x2a ./Drivers/STM32WLxx_HAL_Driver/Src/stm32wlxx_hal_rcc_ex.o
 .text.LL_RCC_SetLPUARTClockSource
                0x080024e0       0x2a ./Drivers/STM32WLxx_HAL_Driver/Src/stm32wlxx_hal_rcc_ex.o
 .text.LL_RCC_SetI2CClockSource
                0x0800250a       0x38 ./Drivers/STM32WLxx_HAL_Driver/Src/stm32wlxx_hal_rcc_ex.o
 .text.LL_RCC_SetLPTIMClockSource
                0x08002542       0x32 ./Drivers/STM32WLxx_HAL_Driver/Src/stm32wlxx_hal_rcc_ex.o
 .text.LL_RCC_SetRNGClockSource
                0x08002574       0x2a ./Drivers/STM32WLxx_HAL_Driver/Src/stm32wlxx_hal_rcc_ex.o
 .text.LL_RCC_SetADCClockSource
                0x0800259e       0x2a ./Drivers/STM32WLxx_HAL_Driver/Src/stm32wlxx_hal_rcc_ex.o
 .text.LL_RCC_SetRTCClockSource
                0x080025c8       0x2a ./Drivers/STM32WLxx_HAL_Driver/Src/stm32wlxx_hal_rcc_ex.o
 .text.LL_RCC_GetRTCClockSource
                0x080025f2       0x18 ./Drivers/STM32WLxx_HAL_Driver/Src/stm32wlxx_hal_rcc_ex.o
 .text.LL_RCC_ForceBackupDomainReset
                0x0800260a       0x20 ./Drivers/STM32WLxx_HAL_Driver/Src/stm32wlxx_hal_rcc_ex.o
 .text.LL_RCC_ReleaseBackupDomainReset
                0x0800262a       0x20 ./Drivers/STM32WLxx_HAL_Driver/Src/stm32wlxx_hal_rcc_ex.o
 *fill*         0x0800264a        0x2 
 .text.HAL_RCCEx_PeriphCLKConfig
                0x0800264c      0x234 ./Drivers/STM32WLxx_HAL_Driver/Src/stm32wlxx_hal_rcc_ex.o
                0x0800264c                HAL_RCCEx_PeriphCLKConfig
 .text.LL_PWR_SetRadioBusyTrigger
                0x08002880       0x28 ./Drivers/STM32WLxx_HAL_Driver/Src/stm32wlxx_hal_subghz.o
 .text.LL_PWR_UnselectSUBGHZSPI_NSS
                0x080028a8       0x20 ./Drivers/STM32WLxx_HAL_Driver/Src/stm32wlxx_hal_subghz.o
 .text.LL_PWR_SelectSUBGHZSPI_NSS
                0x080028c8       0x20 ./Drivers/STM32WLxx_HAL_Driver/Src/stm32wlxx_hal_subghz.o
 .text.LL_PWR_ClearFlag_RFBUSY
                0x080028e8       0x18 ./Drivers/STM32WLxx_HAL_Driver/Src/stm32wlxx_hal_subghz.o
 .text.LL_PWR_IsActiveFlag_RFBUSYS
                0x08002900       0x24 ./Drivers/STM32WLxx_HAL_Driver/Src/stm32wlxx_hal_subghz.o
 .text.LL_PWR_IsActiveFlag_RFBUSYMS
                0x08002924       0x24 ./Drivers/STM32WLxx_HAL_Driver/Src/stm32wlxx_hal_subghz.o
 .text.LL_RCC_RF_DisableReset
                0x08002948       0x20 ./Drivers/STM32WLxx_HAL_Driver/Src/stm32wlxx_hal_subghz.o
 .text.LL_RCC_IsRFUnderReset
                0x08002968       0x24 ./Drivers/STM32WLxx_HAL_Driver/Src/stm32wlxx_hal_subghz.o
 .text.LL_EXTI_EnableIT_32_63
                0x0800298c       0x28 ./Drivers/STM32WLxx_HAL_Driver/Src/stm32wlxx_hal_subghz.o
 .text.HAL_SUBGHZ_Init
                0x080029b4       0xc8 ./Drivers/STM32WLxx_HAL_Driver/Src/stm32wlxx_hal_subghz.o
                0x080029b4                HAL_SUBGHZ_Init
 .text.HAL_SUBGHZ_WriteRegisters
                0x08002a7c       0xbe ./Drivers/STM32WLxx_HAL_Driver/Src/stm32wlxx_hal_subghz.o
                0x08002a7c                HAL_SUBGHZ_WriteRegisters
 .text.HAL_SUBGHZ_ExecSetCmd
                0x08002b3a       0xbe ./Drivers/STM32WLxx_HAL_Driver/Src/stm32wlxx_hal_subghz.o
                0x08002b3a                HAL_SUBGHZ_ExecSetCmd
 .text.HAL_SUBGHZ_ExecGetCmd
                0x08002bf8       0xa8 ./Drivers/STM32WLxx_HAL_Driver/Src/stm32wlxx_hal_subghz.o
                0x08002bf8                HAL_SUBGHZ_ExecGetCmd
 .text.HAL_SUBGHZ_WriteBuffer
                0x08002ca0       0xa6 ./Drivers/STM32WLxx_HAL_Driver/Src/stm32wlxx_hal_subghz.o
                0x08002ca0                HAL_SUBGHZ_WriteBuffer
 *fill*         0x08002d46        0x2 
 .text.SUBGHZSPI_Init
                0x08002d48       0x40 ./Drivers/STM32WLxx_HAL_Driver/Src/stm32wlxx_hal_subghz.o
                0x08002d48                SUBGHZSPI_Init
 .text.SUBGHZSPI_Transmit
                0x08002d88       0xac ./Drivers/STM32WLxx_HAL_Driver/Src/stm32wlxx_hal_subghz.o
                0x08002d88                SUBGHZSPI_Transmit
 .text.SUBGHZSPI_Receive
                0x08002e34       0xb0 ./Drivers/STM32WLxx_HAL_Driver/Src/stm32wlxx_hal_subghz.o
                0x08002e34                SUBGHZSPI_Receive
 .text.SUBGHZ_CheckDeviceReady
                0x08002ee4       0x48 ./Drivers/STM32WLxx_HAL_Driver/Src/stm32wlxx_hal_subghz.o
                0x08002ee4                SUBGHZ_CheckDeviceReady
 .text.SUBGHZ_WaitOnBusy
                0x08002f2c       0x5c ./Drivers/STM32WLxx_HAL_Driver/Src/stm32wlxx_hal_subghz.o
                0x08002f2c                SUBGHZ_WaitOnBusy
 .text.LL_RCC_GetUSARTClockSource
                0x08002f88       0x24 ./Drivers/STM32WLxx_HAL_Driver/Src/stm32wlxx_hal_uart.o
 .text.LL_RCC_GetLPUARTClockSource
                0x08002fac       0x1e ./Drivers/STM32WLxx_HAL_Driver/Src/stm32wlxx_hal_uart.o
 .text.HAL_UART_Init
                0x08002fca       0xa0 ./Drivers/STM32WLxx_HAL_Driver/Src/stm32wlxx_hal_uart.o
                0x08002fca                HAL_UART_Init
 .text.HAL_UART_Transmit
                0x0800306a      0x10c ./Drivers/STM32WLxx_HAL_Driver/Src/stm32wlxx_hal_uart.o
                0x0800306a                HAL_UART_Transmit
 *fill*         0x08003176        0x2 
 .text.UART_SetConfig
                0x08003178      0x4e8 ./Drivers/STM32WLxx_HAL_Driver/Src/stm32wlxx_hal_uart.o
                0x08003178                UART_SetConfig
 .text.UART_AdvFeatureConfig
                0x08003660      0x142 ./Drivers/STM32WLxx_HAL_Driver/Src/stm32wlxx_hal_uart.o
                0x08003660                UART_AdvFeatureConfig
 .text.UART_CheckIdleState
                0x080037a2       0x9c ./Drivers/STM32WLxx_HAL_Driver/Src/stm32wlxx_hal_uart.o
                0x080037a2                UART_CheckIdleState
 .text.UART_WaitOnFlagUntilTimeout
                0x0800383e      0x190 ./Drivers/STM32WLxx_HAL_Driver/Src/stm32wlxx_hal_uart.o
                0x0800383e                UART_WaitOnFlagUntilTimeout
 .text.HAL_UARTEx_DisableFifoMode
                0x080039ce       0x70 ./Drivers/STM32WLxx_HAL_Driver/Src/stm32wlxx_hal_uart_ex.o
                0x080039ce                HAL_UARTEx_DisableFifoMode
 .text.HAL_UARTEx_SetTxFifoThreshold
                0x08003a3e       0x7c ./Drivers/STM32WLxx_HAL_Driver/Src/stm32wlxx_hal_uart_ex.o
                0x08003a3e                HAL_UARTEx_SetTxFifoThreshold
 .text.HAL_UARTEx_SetRxFifoThreshold
                0x08003aba       0x7c ./Drivers/STM32WLxx_HAL_Driver/Src/stm32wlxx_hal_uart_ex.o
                0x08003aba                HAL_UARTEx_SetRxFifoThreshold
 *fill*         0x08003b36        0x2 
 .text.UARTEx_SetNbDataToProcess
                0x08003b38       0x98 ./Drivers/STM32WLxx_HAL_Driver/Src/stm32wlxx_hal_uart_ex.o
 .text.sprintf  0x08003bd0       0x40 F:/Programme/STM32CubeIDE/STM32CubeIDE_1.12.1/STM32CubeIDE/plugins/com.st.stm32cube.ide.mcu.externaltools.gnu-tools-for-stm32.12.3.rel1.win32_1.0.100.202403111256/tools/bin/../lib/gcc/arm-none-eabi/12.3.1/../../../../arm-none-eabi/lib/thumb/v7e-m/nofp\libc_nano.a(libc_a-sprintf.o)
                0x08003bd0                siprintf
                0x08003bd0                sprintf
 .text.memset   0x08003c10       0x10 F:/Programme/STM32CubeIDE/STM32CubeIDE_1.12.1/STM32CubeIDE/plugins/com.st.stm32cube.ide.mcu.externaltools.gnu-tools-for-stm32.12.3.rel1.win32_1.0.100.202403111256/tools/bin/../lib/gcc/arm-none-eabi/12.3.1/../../../../arm-none-eabi/lib/thumb/v7e-m/nofp\libc_nano.a(libc_a-memset.o)
                0x08003c10                memset
 .text.__errno  0x08003c20        0xc F:/Programme/STM32CubeIDE/STM32CubeIDE_1.12.1/STM32CubeIDE/plugins/com.st.stm32cube.ide.mcu.externaltools.gnu-tools-for-stm32.12.3.rel1.win32_1.0.100.202403111256/tools/bin/../lib/gcc/arm-none-eabi/12.3.1/../../../../arm-none-eabi/lib/thumb/v7e-m/nofp\libc_nano.a(libc_a-errno.o)
                0x08003c20                __errno
 .text.__libc_init_array
                0x08003c2c       0x48 F:/Programme/STM32CubeIDE/STM32CubeIDE_1.12.1/STM32CubeIDE/plugins/com.st.stm32cube.ide.mcu.externaltools.gnu-tools-for-stm32.12.3.rel1.win32_1.0.100.202403111256/tools/bin/../lib/gcc/arm-none-eabi/12.3.1/../../../../arm-none-eabi/lib/thumb/v7e-m/nofp\libc_nano.a(libc_a-init.o)
                0x08003c2c                __libc_init_array
 .text.__retarget_lock_acquire_recursive
                0x08003c74        0x2 F:/Programme/STM32CubeIDE/STM32CubeIDE_1.12.1/STM32CubeIDE/plugins/com.st.stm32cube.ide.mcu.externaltools.gnu-tools-for-stm32.12.3.rel1.win32_1.0.100.202403111256/tools/bin/../lib/gcc/arm-none-eabi/12.3.1/../../../../arm-none-eabi/lib/thumb/v7e-m/nofp\libc_nano.a(libc_a-lock.o)
                0x08003c74                __retarget_lock_acquire_recursive
 .text.__retarget_lock_release_recursive
                0x08003c76        0x2 F:/Programme/STM32CubeIDE/STM32CubeIDE_1.12.1/STM32CubeIDE/plugins/com.st.stm32cube.ide.mcu.externaltools.gnu-tools-for-stm32.12.3.rel1.win32_1.0.100.202403111256/tools/bin/../lib/gcc/arm-none-eabi/12.3.1/../../../../arm-none-eabi/lib/thumb/v7e-m/nofp\libc_nano.a(libc_a-lock.o)
                0x08003c76                __retarget_lock_release_recursive
 .text._free_r  0x08003c78       0x94 F:/Programme/STM32CubeIDE/STM32CubeIDE_1.12.1/STM32CubeIDE/plugins/com.st.stm32cube.ide.mcu.externaltools.gnu-tools-for-stm32.12.3.rel1.win32_1.0.100.202403111256/tools/bin/../lib/gcc/arm-none-eabi/12.3.1/../../../../arm-none-eabi/lib/thumb/v7e-m/nofp\libc_nano.a(libc_a-freer.o)
                0x08003c78                _free_r
 .text.sbrk_aligned
                0x08003d0c       0x44 F:/Programme/STM32CubeIDE/STM32CubeIDE_1.12.1/STM32CubeIDE/plugins/com.st.stm32cube.ide.mcu.externaltools.gnu-tools-for-stm32.12.3.rel1.win32_1.0.100.202403111256/tools/bin/../lib/gcc/arm-none-eabi/12.3.1/../../../../arm-none-eabi/lib/thumb/v7e-m/nofp\libc_nano.a(libc_a-mallocr.o)
 .text._malloc_r
                0x08003d50      0x100 F:/Programme/STM32CubeIDE/STM32CubeIDE_1.12.1/STM32CubeIDE/plugins/com.st.stm32cube.ide.mcu.externaltools.gnu-tools-for-stm32.12.3.rel1.win32_1.0.100.202403111256/tools/bin/../lib/gcc/arm-none-eabi/12.3.1/../../../../arm-none-eabi/lib/thumb/v7e-m/nofp\libc_nano.a(libc_a-mallocr.o)
                0x08003d50                _malloc_r
 .text.__malloc_lock
                0x08003e50        0xc F:/Programme/STM32CubeIDE/STM32CubeIDE_1.12.1/STM32CubeIDE/plugins/com.st.stm32cube.ide.mcu.externaltools.gnu-tools-for-stm32.12.3.rel1.win32_1.0.100.202403111256/tools/bin/../lib/gcc/arm-none-eabi/12.3.1/../../../../arm-none-eabi/lib/thumb/v7e-m/nofp\libc_nano.a(libc_a-mlock.o)
                0x08003e50                __malloc_lock
 .text.__malloc_unlock
                0x08003e5c        0xc F:/Programme/STM32CubeIDE/STM32CubeIDE_1.12.1/STM32CubeIDE/plugins/com.st.stm32cube.ide.mcu.externaltools.gnu-tools-for-stm32.12.3.rel1.win32_1.0.100.202403111256/tools/bin/../lib/gcc/arm-none-eabi/12.3.1/../../../../arm-none-eabi/lib/thumb/v7e-m/nofp\libc_nano.a(libc_a-mlock.o)
                0x08003e5c                __malloc_unlock
 .text.__ssputs_r
                0x08003e68       0xb6 F:/Programme/STM32CubeIDE/STM32CubeIDE_1.12.1/STM32CubeIDE/plugins/com.st.stm32cube.ide.mcu.externaltools.gnu-tools-for-stm32.12.3.rel1.win32_1.0.100.202403111256/tools/bin/../lib/gcc/arm-none-eabi/12.3.1/../../../../arm-none-eabi/lib/thumb/v7e-m/nofp\libc_nano.a(libc_a-nano-svfprintf.o)
                0x08003e68                __ssputs_r
 *fill*         0x08003f1e        0x2 
 .text._svfprintf_r
                0x08003f20      0x1f8 F:/Programme/STM32CubeIDE/STM32CubeIDE_1.12.1/STM32CubeIDE/plugins/com.st.stm32cube.ide.mcu.externaltools.gnu-tools-for-stm32.12.3.rel1.win32_1.0.100.202403111256/tools/bin/../lib/gcc/arm-none-eabi/12.3.1/../../../../arm-none-eabi/lib/thumb/v7e-m/nofp\libc_nano.a(libc_a-nano-svfprintf.o)
                0x08003f20                _svfiprintf_r
                0x08003f20                _svfprintf_r
 .text._printf_common
                0x08004118       0xda F:/Programme/STM32CubeIDE/STM32CubeIDE_1.12.1/STM32CubeIDE/plugins/com.st.stm32cube.ide.mcu.externaltools.gnu-tools-for-stm32.12.3.rel1.win32_1.0.100.202403111256/tools/bin/../lib/gcc/arm-none-eabi/12.3.1/../../../../arm-none-eabi/lib/thumb/v7e-m/nofp\libc_nano.a(libc_a-nano-vfprintf_i.o)
                0x08004118                _printf_common
 *fill*         0x080041f2        0x2 
 .text._printf_i
                0x080041f4      0x240 F:/Programme/STM32CubeIDE/STM32CubeIDE_1.12.1/STM32CubeIDE/plugins/com.st.stm32cube.ide.mcu.externaltools.gnu-tools-for-stm32.12.3.rel1.win32_1.0.100.202403111256/tools/bin/../lib/gcc/arm-none-eabi/12.3.1/../../../../arm-none-eabi/lib/thumb/v7e-m/nofp\libc_nano.a(libc_a-nano-vfprintf_i.o)
                0x080041f4                _printf_i
 .text.memmove  0x08004434       0x34 F:/Programme/STM32CubeIDE/STM32CubeIDE_1.12.1/STM32CubeIDE/plugins/com.st.stm32cube.ide.mcu.externaltools.gnu-tools-for-stm32.12.3.rel1.win32_1.0.100.202403111256/tools/bin/../lib/gcc/arm-none-eabi/12.3.1/../../../../arm-none-eabi/lib/thumb/v7e-m/nofp\libc_nano.a(libc_a-memmove.o)
                0x08004434                memmove
 .text._sbrk_r  0x08004468       0x20 F:/Programme/STM32CubeIDE/STM32CubeIDE_1.12.1/STM32CubeIDE/plugins/com.st.stm32cube.ide.mcu.externaltools.gnu-tools-for-stm32.12.3.rel1.win32_1.0.100.202403111256/tools/bin/../lib/gcc/arm-none-eabi/12.3.1/../../../../arm-none-eabi/lib/thumb/v7e-m/nofp\libc_nano.a(libc_a-sbrkr.o)
                0x08004468                _sbrk_r
 .text.memcpy   0x08004488       0x1c F:/Programme/STM32CubeIDE/STM32CubeIDE_1.12.1/STM32CubeIDE/plugins/com.st.stm32cube.ide.mcu.externaltools.gnu-tools-for-stm32.12.3.rel1.win32_1.0.100.202403111256/tools/bin/../lib/gcc/arm-none-eabi/12.3.1/../../../../arm-none-eabi/lib/thumb/v7e-m/nofp\libc_nano.a(libc_a-memcpy-stub.o)
                0x08004488                memcpy
 .text._realloc_r
                0x080044a4       0x5c F:/Programme/STM32CubeIDE/STM32CubeIDE_1.12.1/STM32CubeIDE/plugins/com.st.stm32cube.ide.mcu.externaltools.gnu-tools-for-stm32.12.3.rel1.win32_1.0.100.202403111256/tools/bin/../lib/gcc/arm-none-eabi/12.3.1/../../../../arm-none-eabi/lib/thumb/v7e-m/nofp\libc_nano.a(libc_a-reallocr.o)
                0x080044a4                _realloc_r
 .text._malloc_usable_size_r
                0x08004500       0x10 F:/Programme/STM32CubeIDE/STM32CubeIDE_1.12.1/STM32CubeIDE/plugins/com.st.stm32cube.ide.mcu.externaltools.gnu-tools-for-stm32.12.3.rel1.win32_1.0.100.202403111256/tools/bin/../lib/gcc/arm-none-eabi/12.3.1/../../../../arm-none-eabi/lib/thumb/v7e-m/nofp\libc_nano.a(libc_a-msizer.o)
                0x08004500                _malloc_usable_size_r
 *(.glue_7)
 .glue_7        0x08004510        0x0 linker stubs
 *(.glue_7t)
 .glue_7t       0x08004510        0x0 linker stubs
 *(.eh_frame)
 .eh_frame      0x08004510        0x0 F:/Programme/STM32CubeIDE/STM32CubeIDE_1.12.1/STM32CubeIDE/plugins/com.st.stm32cube.ide.mcu.externaltools.gnu-tools-for-stm32.12.3.rel1.win32_1.0.100.202403111256/tools/bin/../lib/gcc/arm-none-eabi/12.3.1/thumb/v7e-m/nofp/crtbegin.o
 *(.init)
 .init          0x08004510        0x4 F:/Programme/STM32CubeIDE/STM32CubeIDE_1.12.1/STM32CubeIDE/plugins/com.st.stm32cube.ide.mcu.externaltools.gnu-tools-for-stm32.12.3.rel1.win32_1.0.100.202403111256/tools/bin/../lib/gcc/arm-none-eabi/12.3.1/thumb/v7e-m/nofp/crti.o
                0x08004510                _init
 .init          0x08004514        0x8 F:/Programme/STM32CubeIDE/STM32CubeIDE_1.12.1/STM32CubeIDE/plugins/com.st.stm32cube.ide.mcu.externaltools.gnu-tools-for-stm32.12.3.rel1.win32_1.0.100.202403111256/tools/bin/../lib/gcc/arm-none-eabi/12.3.1/thumb/v7e-m/nofp/crtn.o
 *(.fini)
 .fini          0x0800451c        0x4 F:/Programme/STM32CubeIDE/STM32CubeIDE_1.12.1/STM32CubeIDE/plugins/com.st.stm32cube.ide.mcu.externaltools.gnu-tools-for-stm32.12.3.rel1.win32_1.0.100.202403111256/tools/bin/../lib/gcc/arm-none-eabi/12.3.1/thumb/v7e-m/nofp/crti.o
                0x0800451c                _fini
 .fini          0x08004520        0x8 F:/Programme/STM32CubeIDE/STM32CubeIDE_1.12.1/STM32CubeIDE/plugins/com.st.stm32cube.ide.mcu.externaltools.gnu-tools-for-stm32.12.3.rel1.win32_1.0.100.202403111256/tools/bin/../lib/gcc/arm-none-eabi/12.3.1/thumb/v7e-m/nofp/crtn.o
                0x08004528                        . = ALIGN (0x4)
                0x08004528                        _etext = .

.vfp11_veneer   0x08004528        0x0
 .vfp11_veneer  0x08004528        0x0 linker stubs

.v4_bx          0x08004528        0x0
 .v4_bx         0x08004528        0x0 linker stubs

.iplt           0x08004528        0x0
 .iplt          0x08004528        0x0 F:/Programme/STM32CubeIDE/STM32CubeIDE_1.12.1/STM32CubeIDE/plugins/com.st.stm32cube.ide.mcu.externaltools.gnu-tools-for-stm32.12.3.rel1.win32_1.0.100.202403111256/tools/bin/../lib/gcc/arm-none-eabi/12.3.1/thumb/v7e-m/nofp/crtbegin.o

.rodata         0x08004528      0x194
                0x08004528                        . = ALIGN (0x4)
 *(.rodata)
 .rodata        0x08004528       0x7c ./Core/Src/main.o
 .rodata        0x080045a4       0x1c ./Drivers/STM32WLxx_HAL_Driver/Src/stm32wlxx_hal_rcc.o
 *(.rodata*)
 .rodata.AHBPrescTable
                0x080045c0       0x40 ./Core/Src/system_stm32wlxx.o
                0x080045c0                AHBPrescTable
 .rodata.APBPrescTable
                0x08004600       0x20 ./Core/Src/system_stm32wlxx.o
                0x08004600                APBPrescTable
 .rodata.MSIRangeTable
                0x08004620       0x40 ./Core/Src/system_stm32wlxx.o
                0x08004620                MSIRangeTable
 .rodata.UARTPrescTable
                0x08004660       0x18 ./Drivers/STM32WLxx_HAL_Driver/Src/stm32wlxx_hal_uart.o
                0x08004660                UARTPrescTable
 .rodata.numerator.1
                0x08004678        0x8 ./Drivers/STM32WLxx_HAL_Driver/Src/stm32wlxx_hal_uart_ex.o
 .rodata.denominator.0
                0x08004680        0x8 ./Drivers/STM32WLxx_HAL_Driver/Src/stm32wlxx_hal_uart_ex.o
 .rodata._svfprintf_r.str1.1
                0x08004688       0x11 F:/Programme/STM32CubeIDE/STM32CubeIDE_1.12.1/STM32CubeIDE/plugins/com.st.stm32cube.ide.mcu.externaltools.gnu-tools-for-stm32.12.3.rel1.win32_1.0.100.202403111256/tools/bin/../lib/gcc/arm-none-eabi/12.3.1/../../../../arm-none-eabi/lib/thumb/v7e-m/nofp\libc_nano.a(libc_a-nano-svfprintf.o)
 .rodata._printf_i.str1.1
                0x08004699       0x22 F:/Programme/STM32CubeIDE/STM32CubeIDE_1.12.1/STM32CubeIDE/plugins/com.st.stm32cube.ide.mcu.externaltools.gnu-tools-for-stm32.12.3.rel1.win32_1.0.100.202403111256/tools/bin/../lib/gcc/arm-none-eabi/12.3.1/../../../../arm-none-eabi/lib/thumb/v7e-m/nofp\libc_nano.a(libc_a-nano-vfprintf_i.o)
                0x080046bc                        . = ALIGN (0x4)
 *fill*         0x080046bb        0x1 

.ARM.extab      0x080046bc        0x0
                0x080046bc                        . = ALIGN (0x4)
 *(.ARM.extab* .gnu.linkonce.armextab.*)
                0x080046bc                        . = ALIGN (0x4)

.ARM            0x080046bc        0x8
                0x080046bc                        . = ALIGN (0x4)
                0x080046bc                        __exidx_start = .
 *(.ARM.exidx*)
 .ARM.exidx     0x080046bc        0x8 F:/Programme/STM32CubeIDE/STM32CubeIDE_1.12.1/STM32CubeIDE/plugins/com.st.stm32cube.ide.mcu.externaltools.gnu-tools-for-stm32.12.3.rel1.win32_1.0.100.202403111256/tools/bin/../lib/gcc/arm-none-eabi/12.3.1/../../../../arm-none-eabi/lib/thumb/v7e-m/nofp\libc_nano.a(libc_a-memchr.o)
 .ARM.exidx     0x080046c4        0x0 F:/Programme/STM32CubeIDE/STM32CubeIDE_1.12.1/STM32CubeIDE/plugins/com.st.stm32cube.ide.mcu.externaltools.gnu-tools-for-stm32.12.3.rel1.win32_1.0.100.202403111256/tools/bin/../lib/gcc/arm-none-eabi/12.3.1/thumb/v7e-m/nofp\libgcc.a(_udivmoddi4.o)
                                  0x8 (size before relaxing)
                0x080046c4                        __exidx_end = .
                0x080046c4                        . = ALIGN (0x4)

.preinit_array  0x080046c4        0x0
                0x080046c4                        . = ALIGN (0x4)
                0x080046c4                        PROVIDE (__preinit_array_start = .)
 *(.preinit_array*)
                0x080046c4                        PROVIDE (__preinit_array_end = .)
                0x080046c4                        . = ALIGN (0x4)

.init_array     0x080046c4        0x4
                0x080046c4                        . = ALIGN (0x4)
                0x080046c4                        PROVIDE (__init_array_start = .)
 *(SORT_BY_NAME(.init_array.*))
 *(.init_array*)
 .init_array    0x080046c4        0x4 F:/Programme/STM32CubeIDE/STM32CubeIDE_1.12.1/STM32CubeIDE/plugins/com.st.stm32cube.ide.mcu.externaltools.gnu-tools-for-stm32.12.3.rel1.win32_1.0.100.202403111256/tools/bin/../lib/gcc/arm-none-eabi/12.3.1/thumb/v7e-m/nofp/crtbegin.o
                0x080046c8                        PROVIDE (__init_array_end = .)
                0x080046c8                        . = ALIGN (0x4)

.fini_array     0x080046c8        0x4
                0x080046c8                        . = ALIGN (0x4)
                [!provide]                        PROVIDE (__fini_array_start = .)
 *(SORT_BY_NAME(.fini_array.*))
 *(.fini_array*)
 .fini_array    0x080046c8        0x4 F:/Programme/STM32CubeIDE/STM32CubeIDE_1.12.1/STM32CubeIDE/plugins/com.st.stm32cube.ide.mcu.externaltools.gnu-tools-for-stm32.12.3.rel1.win32_1.0.100.202403111256/tools/bin/../lib/gcc/arm-none-eabi/12.3.1/thumb/v7e-m/nofp/crtbegin.o
                [!provide]                        PROVIDE (__fini_array_end = .)
                0x080046cc                        . = ALIGN (0x4)
                0x080046cc                        _sidata = LOADADDR (.data)

.rel.dyn        0x080046cc        0x0
 .rel.iplt      0x080046cc        0x0 F:/Programme/STM32CubeIDE/STM32CubeIDE_1.12.1/STM32CubeIDE/plugins/com.st.stm32cube.ide.mcu.externaltools.gnu-tools-for-stm32.12.3.rel1.win32_1.0.100.202403111256/tools/bin/../lib/gcc/arm-none-eabi/12.3.1/thumb/v7e-m/nofp/crtbegin.o

.data           0x20000000       0xa0 load address 0x080046cc
                0x20000000                        . = ALIGN (0x4)
                0x20000000                        _sdata = .
 *(.data)
 *(.data*)
 .data.payload  0x20000000       0x40 ./Core/Src/main.o
                0x20000000                payload
 .data.signal_delay
                0x20000040        0x1 ./Core/Src/main.o
                0x20000040                signal_delay
 *fill*         0x20000041        0x3 
 .data.SystemCoreClock
                0x20000044        0x4 ./Core/Src/system_stm32wlxx.o
                0x20000044                SystemCoreClock
 .data.uwTickPrio
                0x20000048        0x4 ./Drivers/STM32WLxx_HAL_Driver/Src/stm32wlxx_hal.o
                0x20000048                uwTickPrio
 .data.uwTickFreq
                0x2000004c        0x1 ./Drivers/STM32WLxx_HAL_Driver/Src/stm32wlxx_hal.o
                0x2000004c                uwTickFreq
 *fill*         0x2000004d        0x3 
 .data._impure_ptr
                0x20000050        0x4 F:/Programme/STM32CubeIDE/STM32CubeIDE_1.12.1/STM32CubeIDE/plugins/com.st.stm32cube.ide.mcu.externaltools.gnu-tools-for-stm32.12.3.rel1.win32_1.0.100.202403111256/tools/bin/../lib/gcc/arm-none-eabi/12.3.1/../../../../arm-none-eabi/lib/thumb/v7e-m/nofp\libc_nano.a(libc_a-impure.o)
                0x20000050                _impure_ptr
 .data._impure_data
                0x20000054       0x4c F:/Programme/STM32CubeIDE/STM32CubeIDE_1.12.1/STM32CubeIDE/plugins/com.st.stm32cube.ide.mcu.externaltools.gnu-tools-for-stm32.12.3.rel1.win32_1.0.100.202403111256/tools/bin/../lib/gcc/arm-none-eabi/12.3.1/../../../../arm-none-eabi/lib/thumb/v7e-m/nofp\libc_nano.a(libc_a-impure.o)
                0x20000054                _impure_data
 *(.RamFunc)
 *(.RamFunc*)
                0x200000a0                        . = ALIGN (0x4)
                0x200000a0                        _edata = .

.igot.plt       0x200000a0        0x0 load address 0x0800476c
 .igot.plt      0x200000a0        0x0 F:/Programme/STM32CubeIDE/STM32CubeIDE_1.12.1/STM32CubeIDE/plugins/com.st.stm32cube.ide.mcu.externaltools.gnu-tools-for-stm32.12.3.rel1.win32_1.0.100.202403111256/tools/bin/../lib/gcc/arm-none-eabi/12.3.1/thumb/v7e-m/nofp/crtbegin.o
                0x200000a0                        . = ALIGN (0x4)

.bss            0x200000a0      0x25c load address 0x0800476c
                0x200000a0                        _sbss = .
                0x200000a0                        __bss_start__ = _sbss
 *(.bss)
 .bss           0x200000a0       0x1c F:/Programme/STM32CubeIDE/STM32CubeIDE_1.12.1/STM32CubeIDE/plugins/com.st.stm32cube.ide.mcu.externaltools.gnu-tools-for-stm32.12.3.rel1.win32_1.0.100.202403111256/tools/bin/../lib/gcc/arm-none-eabi/12.3.1/thumb/v7e-m/nofp/crtbegin.o
 *(.bss*)
 .bss.hsubghz   0x200000bc        0xc ./Core/Src/main.o
                0x200000bc                hsubghz
 .bss.huart1    0x200000c8       0x94 ./Core/Src/main.o
                0x200000c8                huart1
 .bss.RadioParam
                0x2000015c        0x8 ./Core/Src/main.o
                0x2000015c                RadioParam
 .bss.interrupts
                0x20000164        0x3 ./Core/Src/main.o
                0x20000164                interrupts
 *fill*         0x20000167        0x1 
 .bss.uart_buff
                0x20000168       0x41 ./Core/Src/main.o
                0x20000168                uart_buff
 *fill*         0x200001a9        0x3 
 .bss.__sbrk_heap_end
                0x200001ac        0x4 ./Core/Src/sysmem.o
 .bss.uwTick    0x200001b0        0x4 ./Drivers/STM32WLxx_HAL_Driver/Src/stm32wlxx_hal.o
                0x200001b0                uwTick
 .bss.__sf      0x200001b4      0x138 F:/Programme/STM32CubeIDE/STM32CubeIDE_1.12.1/STM32CubeIDE/plugins/com.st.stm32cube.ide.mcu.externaltools.gnu-tools-for-stm32.12.3.rel1.win32_1.0.100.202403111256/tools/bin/../lib/gcc/arm-none-eabi/12.3.1/../../../../arm-none-eabi/lib/thumb/v7e-m/nofp\libc_nano.a(libc_a-findfp.o)
                0x200001b4                __sf
 .bss.errno     0x200002ec        0x4 F:/Programme/STM32CubeIDE/STM32CubeIDE_1.12.1/STM32CubeIDE/plugins/com.st.stm32cube.ide.mcu.externaltools.gnu-tools-for-stm32.12.3.rel1.win32_1.0.100.202403111256/tools/bin/../lib/gcc/arm-none-eabi/12.3.1/../../../../arm-none-eabi/lib/thumb/v7e-m/nofp\libc_nano.a(libc_a-reent.o)
                0x200002ec                errno
 .bss.__lock___malloc_recursive_mutex
                0x200002f0        0x1 F:/Programme/STM32CubeIDE/STM32CubeIDE_1.12.1/STM32CubeIDE/plugins/com.st.stm32cube.ide.mcu.externaltools.gnu-tools-for-stm32.12.3.rel1.win32_1.0.100.202403111256/tools/bin/../lib/gcc/arm-none-eabi/12.3.1/../../../../arm-none-eabi/lib/thumb/v7e-m/nofp\libc_nano.a(libc_a-lock.o)
                0x200002f0                __lock___malloc_recursive_mutex
 *fill*         0x200002f1        0x3 
 .bss.__malloc_sbrk_start
                0x200002f4        0x4 F:/Programme/STM32CubeIDE/STM32CubeIDE_1.12.1/STM32CubeIDE/plugins/com.st.stm32cube.ide.mcu.externaltools.gnu-tools-for-stm32.12.3.rel1.win32_1.0.100.202403111256/tools/bin/../lib/gcc/arm-none-eabi/12.3.1/../../../../arm-none-eabi/lib/thumb/v7e-m/nofp\libc_nano.a(libc_a-mallocr.o)
                0x200002f4                __malloc_sbrk_start
 .bss.__malloc_free_list
                0x200002f8        0x4 F:/Programme/STM32CubeIDE/STM32CubeIDE_1.12.1/STM32CubeIDE/plugins/com.st.stm32cube.ide.mcu.externaltools.gnu-tools-for-stm32.12.3.rel1.win32_1.0.100.202403111256/tools/bin/../lib/gcc/arm-none-eabi/12.3.1/../../../../arm-none-eabi/lib/thumb/v7e-m/nofp\libc_nano.a(libc_a-mallocr.o)
                0x200002f8                __malloc_free_list
 *(COMMON)
                0x200002fc                        . = ALIGN (0x4)
                0x200002fc                        _ebss = .
                0x200002fc                        __bss_end__ = _ebss

._user_heap_stack
                0x200002fc      0x604 load address 0x0800476c
                0x20000300                        . = ALIGN (0x8)
 *fill*         0x200002fc        0x4 
                [!provide]                        PROVIDE (end = .)
                0x20000300                        PROVIDE (_end = .)
                0x20000500                        . = (. + _Min_Heap_Size)
 *fill*         0x20000300      0x200 
                0x20000900                        . = (. + _Min_Stack_Size)
 *fill*         0x20000500      0x400 
                0x20000900                        . = ALIGN (0x8)

/DISCARD/
 libc.a(*)
 libm.a(*)
 libgcc.a(*)

.ARM.attributes
                0x00000000       0x2a
 *(.ARM.attributes)
 .ARM.attributes
                0x00000000       0x1e F:/Programme/STM32CubeIDE/STM32CubeIDE_1.12.1/STM32CubeIDE/plugins/com.st.stm32cube.ide.mcu.externaltools.gnu-tools-for-stm32.12.3.rel1.win32_1.0.100.202403111256/tools/bin/../lib/gcc/arm-none-eabi/12.3.1/thumb/v7e-m/nofp/crti.o
 .ARM.attributes
                0x0000001e       0x2e F:/Programme/STM32CubeIDE/STM32CubeIDE_1.12.1/STM32CubeIDE/plugins/com.st.stm32cube.ide.mcu.externaltools.gnu-tools-for-stm32.12.3.rel1.win32_1.0.100.202403111256/tools/bin/../lib/gcc/arm-none-eabi/12.3.1/thumb/v7e-m/nofp/crtbegin.o
 .ARM.attributes
                0x0000004c       0x2e ./Core/Src/main.o
 .ARM.attributes
                0x0000007a       0x2e ./Core/Src/stm32wlxx_hal_msp.o
 .ARM.attributes
                0x000000a8       0x2e ./Core/Src/stm32wlxx_it.o
 .ARM.attributes
                0x000000d6       0x2e ./Core/Src/sysmem.o
 .ARM.attributes
                0x00000104       0x2e ./Core/Src/system_stm32wlxx.o
 .ARM.attributes
                0x00000132       0x21 ./Core/Startup/startup_stm32wle5jcix.o
 .ARM.attributes
                0x00000153       0x2e ./Drivers/STM32WLxx_HAL_Driver/Src/stm32wlxx_hal.o
 .ARM.attributes
                0x00000181       0x2e ./Drivers/STM32WLxx_HAL_Driver/Src/stm32wlxx_hal_cortex.o
 .ARM.attributes
                0x000001af       0x2e ./Drivers/STM32WLxx_HAL_Driver/Src/stm32wlxx_hal_gpio.o
 .ARM.attributes
                0x000001dd       0x2e ./Drivers/STM32WLxx_HAL_Driver/Src/stm32wlxx_hal_pwr.o
 .ARM.attributes
                0x0000020b       0x2e ./Drivers/STM32WLxx_HAL_Driver/Src/stm32wlxx_hal_pwr_ex.o
 .ARM.attributes
                0x00000239       0x2e ./Drivers/STM32WLxx_HAL_Driver/Src/stm32wlxx_hal_rcc.o
 .ARM.attributes
                0x00000267       0x2e ./Drivers/STM32WLxx_HAL_Driver/Src/stm32wlxx_hal_rcc_ex.o
 .ARM.attributes
                0x00000295       0x2e ./Drivers/STM32WLxx_HAL_Driver/Src/stm32wlxx_hal_subghz.o
 .ARM.attributes
                0x000002c3       0x2e ./Drivers/STM32WLxx_HAL_Driver/Src/stm32wlxx_hal_uart.o
 .ARM.attributes
                0x000002f1       0x2e ./Drivers/STM32WLxx_HAL_Driver/Src/stm32wlxx_hal_uart_ex.o
 .ARM.attributes
                0x0000031f       0x2e F:/Programme/STM32CubeIDE/STM32CubeIDE_1.12.1/STM32CubeIDE/plugins/com.st.stm32cube.ide.mcu.externaltools.gnu-tools-for-stm32.12.3.rel1.win32_1.0.100.202403111256/tools/bin/../lib/gcc/arm-none-eabi/12.3.1/../../../../arm-none-eabi/lib/thumb/v7e-m/nofp\libc_nano.a(libc_a-findfp.o)
 .ARM.attributes
                0x0000034d       0x2e F:/Programme/STM32CubeIDE/STM32CubeIDE_1.12.1/STM32CubeIDE/plugins/com.st.stm32cube.ide.mcu.externaltools.gnu-tools-for-stm32.12.3.rel1.win32_1.0.100.202403111256/tools/bin/../lib/gcc/arm-none-eabi/12.3.1/../../../../arm-none-eabi/lib/thumb/v7e-m/nofp\libc_nano.a(libc_a-sprintf.o)
 .ARM.attributes
                0x0000037b       0x2e F:/Programme/STM32CubeIDE/STM32CubeIDE_1.12.1/STM32CubeIDE/plugins/com.st.stm32cube.ide.mcu.externaltools.gnu-tools-for-stm32.12.3.rel1.win32_1.0.100.202403111256/tools/bin/../lib/gcc/arm-none-eabi/12.3.1/../../../../arm-none-eabi/lib/thumb/v7e-m/nofp\libc_nano.a(libc_a-memset.o)
 .ARM.attributes
                0x000003a9       0x2e F:/Programme/STM32CubeIDE/STM32CubeIDE_1.12.1/STM32CubeIDE/plugins/com.st.stm32cube.ide.mcu.externaltools.gnu-tools-for-stm32.12.3.rel1.win32_1.0.100.202403111256/tools/bin/../lib/gcc/arm-none-eabi/12.3.1/../../../../arm-none-eabi/lib/thumb/v7e-m/nofp\libc_nano.a(libc_a-reent.o)
 .ARM.attributes
                0x000003d7       0x2e F:/Programme/STM32CubeIDE/STM32CubeIDE_1.12.1/STM32CubeIDE/plugins/com.st.stm32cube.ide.mcu.externaltools.gnu-tools-for-stm32.12.3.rel1.win32_1.0.100.202403111256/tools/bin/../lib/gcc/arm-none-eabi/12.3.1/../../../../arm-none-eabi/lib/thumb/v7e-m/nofp\libc_nano.a(libc_a-impure.o)
 .ARM.attributes
                0x00000405       0x2e F:/Programme/STM32CubeIDE/STM32CubeIDE_1.12.1/STM32CubeIDE/plugins/com.st.stm32cube.ide.mcu.externaltools.gnu-tools-for-stm32.12.3.rel1.win32_1.0.100.202403111256/tools/bin/../lib/gcc/arm-none-eabi/12.3.1/../../../../arm-none-eabi/lib/thumb/v7e-m/nofp\libc_nano.a(libc_a-errno.o)
 .ARM.attributes
                0x00000433       0x2e F:/Programme/STM32CubeIDE/STM32CubeIDE_1.12.1/STM32CubeIDE/plugins/com.st.stm32cube.ide.mcu.externaltools.gnu-tools-for-stm32.12.3.rel1.win32_1.0.100.202403111256/tools/bin/../lib/gcc/arm-none-eabi/12.3.1/../../../../arm-none-eabi/lib/thumb/v7e-m/nofp\libc_nano.a(libc_a-init.o)
 .ARM.attributes
                0x00000461       0x2e F:/Programme/STM32CubeIDE/STM32CubeIDE_1.12.1/STM32CubeIDE/plugins/com.st.stm32cube.ide.mcu.externaltools.gnu-tools-for-stm32.12.3.rel1.win32_1.0.100.202403111256/tools/bin/../lib/gcc/arm-none-eabi/12.3.1/../../../../arm-none-eabi/lib/thumb/v7e-m/nofp\libc_nano.a(libc_a-lock.o)
 .ARM.attributes
                0x0000048f       0x2e F:/Programme/STM32CubeIDE/STM32CubeIDE_1.12.1/STM32CubeIDE/plugins/com.st.stm32cube.ide.mcu.externaltools.gnu-tools-for-stm32.12.3.rel1.win32_1.0.100.202403111256/tools/bin/../lib/gcc/arm-none-eabi/12.3.1/../../../../arm-none-eabi/lib/thumb/v7e-m/nofp\libc_nano.a(libc_a-freer.o)
 .ARM.attributes
                0x000004bd       0x2e F:/Programme/STM32CubeIDE/STM32CubeIDE_1.12.1/STM32CubeIDE/plugins/com.st.stm32cube.ide.mcu.externaltools.gnu-tools-for-stm32.12.3.rel1.win32_1.0.100.202403111256/tools/bin/../lib/gcc/arm-none-eabi/12.3.1/../../../../arm-none-eabi/lib/thumb/v7e-m/nofp\libc_nano.a(libc_a-mallocr.o)
 .ARM.attributes
                0x000004eb       0x2e F:/Programme/STM32CubeIDE/STM32CubeIDE_1.12.1/STM32CubeIDE/plugins/com.st.stm32cube.ide.mcu.externaltools.gnu-tools-for-stm32.12.3.rel1.win32_1.0.100.202403111256/tools/bin/../lib/gcc/arm-none-eabi/12.3.1/../../../../arm-none-eabi/lib/thumb/v7e-m/nofp\libc_nano.a(libc_a-mlock.o)
 .ARM.attributes
                0x00000519       0x2e F:/Programme/STM32CubeIDE/STM32CubeIDE_1.12.1/STM32CubeIDE/plugins/com.st.stm32cube.ide.mcu.externaltools.gnu-tools-for-stm32.12.3.rel1.win32_1.0.100.202403111256/tools/bin/../lib/gcc/arm-none-eabi/12.3.1/../../../../arm-none-eabi/lib/thumb/v7e-m/nofp\libc_nano.a(libc_a-nano-svfprintf.o)
 .ARM.attributes
                0x00000547       0x2e F:/Programme/STM32CubeIDE/STM32CubeIDE_1.12.1/STM32CubeIDE/plugins/com.st.stm32cube.ide.mcu.externaltools.gnu-tools-for-stm32.12.3.rel1.win32_1.0.100.202403111256/tools/bin/../lib/gcc/arm-none-eabi/12.3.1/../../../../arm-none-eabi/lib/thumb/v7e-m/nofp\libc_nano.a(libc_a-nano-vfprintf_i.o)
 .ARM.attributes
                0x00000575       0x2e F:/Programme/STM32CubeIDE/STM32CubeIDE_1.12.1/STM32CubeIDE/plugins/com.st.stm32cube.ide.mcu.externaltools.gnu-tools-for-stm32.12.3.rel1.win32_1.0.100.202403111256/tools/bin/../lib/gcc/arm-none-eabi/12.3.1/../../../../arm-none-eabi/lib/thumb/v7e-m/nofp\libc_nano.a(libc_a-memmove.o)
 .ARM.attributes
                0x000005a3       0x2e F:/Programme/STM32CubeIDE/STM32CubeIDE_1.12.1/STM32CubeIDE/plugins/com.st.stm32cube.ide.mcu.externaltools.gnu-tools-for-stm32.12.3.rel1.win32_1.0.100.202403111256/tools/bin/../lib/gcc/arm-none-eabi/12.3.1/../../../../arm-none-eabi/lib/thumb/v7e-m/nofp\libc_nano.a(libc_a-sbrkr.o)
 .ARM.attributes
                0x000005d1       0x1c F:/Programme/STM32CubeIDE/STM32CubeIDE_1.12.1/STM32CubeIDE/plugins/com.st.stm32cube.ide.mcu.externaltools.gnu-tools-for-stm32.12.3.rel1.win32_1.0.100.202403111256/tools/bin/../lib/gcc/arm-none-eabi/12.3.1/../../../../arm-none-eabi/lib/thumb/v7e-m/nofp\libc_nano.a(libc_a-memchr.o)
 .ARM.attributes
                0x000005ed       0x2e F:/Programme/STM32CubeIDE/STM32CubeIDE_1.12.1/STM32CubeIDE/plugins/com.st.stm32cube.ide.mcu.externaltools.gnu-tools-for-stm32.12.3.rel1.win32_1.0.100.202403111256/tools/bin/../lib/gcc/arm-none-eabi/12.3.1/../../../../arm-none-eabi/lib/thumb/v7e-m/nofp\libc_nano.a(libc_a-memcpy-stub.o)
 .ARM.attributes
                0x0000061b       0x2e F:/Programme/STM32CubeIDE/STM32CubeIDE_1.12.1/STM32CubeIDE/plugins/com.st.stm32cube.ide.mcu.externaltools.gnu-tools-for-stm32.12.3.rel1.win32_1.0.100.202403111256/tools/bin/../lib/gcc/arm-none-eabi/12.3.1/../../../../arm-none-eabi/lib/thumb/v7e-m/nofp\libc_nano.a(libc_a-reallocr.o)
 .ARM.attributes
                0x00000649       0x2e F:/Programme/STM32CubeIDE/STM32CubeIDE_1.12.1/STM32CubeIDE/plugins/com.st.stm32cube.ide.mcu.externaltools.gnu-tools-for-stm32.12.3.rel1.win32_1.0.100.202403111256/tools/bin/../lib/gcc/arm-none-eabi/12.3.1/../../../../arm-none-eabi/lib/thumb/v7e-m/nofp\libc_nano.a(libc_a-msizer.o)
 .ARM.attributes
                0x00000677       0x1e F:/Programme/STM32CubeIDE/STM32CubeIDE_1.12.1/STM32CubeIDE/plugins/com.st.stm32cube.ide.mcu.externaltools.gnu-tools-for-stm32.12.3.rel1.win32_1.0.100.202403111256/tools/bin/../lib/gcc/arm-none-eabi/12.3.1/thumb/v7e-m/nofp\libgcc.a(_aeabi_uldivmod.o)
 .ARM.attributes
                0x00000695       0x2e F:/Programme/STM32CubeIDE/STM32CubeIDE_1.12.1/STM32CubeIDE/plugins/com.st.stm32cube.ide.mcu.externaltools.gnu-tools-for-stm32.12.3.rel1.win32_1.0.100.202403111256/tools/bin/../lib/gcc/arm-none-eabi/12.3.1/thumb/v7e-m/nofp\libgcc.a(_udivmoddi4.o)
 .ARM.attributes
                0x000006c3       0x1e F:/Programme/STM32CubeIDE/STM32CubeIDE_1.12.1/STM32CubeIDE/plugins/com.st.stm32cube.ide.mcu.externaltools.gnu-tools-for-stm32.12.3.rel1.win32_1.0.100.202403111256/tools/bin/../lib/gcc/arm-none-eabi/12.3.1/thumb/v7e-m/nofp\libgcc.a(_dvmd_tls.o)
 .ARM.attributes
                0x000006e1       0x1e F:/Programme/STM32CubeIDE/STM32CubeIDE_1.12.1/STM32CubeIDE/plugins/com.st.stm32cube.ide.mcu.externaltools.gnu-tools-for-stm32.12.3.rel1.win32_1.0.100.202403111256/tools/bin/../lib/gcc/arm-none-eabi/12.3.1/thumb/v7e-m/nofp/crtn.o
OUTPUT(WIO-E5-LE-Tx_Bsp.elf elf32-littlearm)
LOAD linker stubs
LOAD F:/Programme/STM32CubeIDE/STM32CubeIDE_1.12.1/STM32CubeIDE/plugins/com.st.stm32cube.ide.mcu.externaltools.gnu-tools-for-stm32.12.3.rel1.win32_1.0.100.202403111256/tools/bin/../lib/gcc/arm-none-eabi/12.3.1/../../../../arm-none-eabi/lib/thumb/v7e-m/nofp\libc.a
LOAD F:/Programme/STM32CubeIDE/STM32CubeIDE_1.12.1/STM32CubeIDE/plugins/com.st.stm32cube.ide.mcu.externaltools.gnu-tools-for-stm32.12.3.rel1.win32_1.0.100.202403111256/tools/bin/../lib/gcc/arm-none-eabi/12.3.1/../../../../arm-none-eabi/lib/thumb/v7e-m/nofp\libm.a
LOAD F:/Programme/STM32CubeIDE/STM32CubeIDE_1.12.1/STM32CubeIDE/plugins/com.st.stm32cube.ide.mcu.externaltools.gnu-tools-for-stm32.12.3.rel1.win32_1.0.100.202403111256/tools/bin/../lib/gcc/arm-none-eabi/12.3.1/thumb/v7e-m/nofp\libgcc.a

.debug_info     0x00000000     0xeb72
 .debug_info    0x00000000     0x1400 ./Core/Src/main.o
 .debug_info    0x00001400      0xeb3 ./Core/Src/stm32wlxx_hal_msp.o
 .debug_info    0x000022b3      0x157 ./Core/Src/stm32wlxx_it.o
 .debug_info    0x0000240a      0x168 ./Core/Src/sysmem.o
 .debug_info    0x00002572      0x413 ./Core/Src/system_stm32wlxx.o
 .debug_info    0x00002985       0x30 ./Core/Startup/startup_stm32wle5jcix.o
 .debug_info    0x000029b5      0xe92 ./Drivers/STM32WLxx_HAL_Driver/Src/stm32wlxx_hal.o
 .debug_info    0x00003847      0xcdb ./Drivers/STM32WLxx_HAL_Driver/Src/stm32wlxx_hal_cortex.o
 .debug_info    0x00004522      0x65c ./Drivers/STM32WLxx_HAL_Driver/Src/stm32wlxx_hal_gpio.o
 .debug_info    0x00004b7e      0x857 ./Drivers/STM32WLxx_HAL_Driver/Src/stm32wlxx_hal_pwr.o
 .debug_info    0x000053d5      0xcc6 ./Drivers/STM32WLxx_HAL_Driver/Src/stm32wlxx_hal_pwr_ex.o
 .debug_info    0x0000609b     0x11c0 ./Drivers/STM32WLxx_HAL_Driver/Src/stm32wlxx_hal_rcc.o
 .debug_info    0x0000725b      0xd98 ./Drivers/STM32WLxx_HAL_Driver/Src/stm32wlxx_hal_rcc_ex.o
 .debug_info    0x00007ff3     0x1204 ./Drivers/STM32WLxx_HAL_Driver/Src/stm32wlxx_hal_subghz.o
 .debug_info    0x000091f7     0x4981 ./Drivers/STM32WLxx_HAL_Driver/Src/stm32wlxx_hal_uart.o
 .debug_info    0x0000db78      0xffa ./Drivers/STM32WLxx_HAL_Driver/Src/stm32wlxx_hal_uart_ex.o

.debug_abbrev   0x00000000     0x2335
 .debug_abbrev  0x00000000      0x2c3 ./Core/Src/main.o
 .debug_abbrev  0x000002c3      0x233 ./Core/Src/stm32wlxx_hal_msp.o
 .debug_abbrev  0x000004f6       0xac ./Core/Src/stm32wlxx_it.o
 .debug_abbrev  0x000005a2       0xbc ./Core/Src/sysmem.o
 .debug_abbrev  0x0000065e      0x13d ./Core/Src/system_stm32wlxx.o
 .debug_abbrev  0x0000079b       0x24 ./Core/Startup/startup_stm32wle5jcix.o
 .debug_abbrev  0x000007bf      0x31a ./Drivers/STM32WLxx_HAL_Driver/Src/stm32wlxx_hal.o
 .debug_abbrev  0x00000ad9      0x2e8 ./Drivers/STM32WLxx_HAL_Driver/Src/stm32wlxx_hal_cortex.o
 .debug_abbrev  0x00000dc1      0x1e7 ./Drivers/STM32WLxx_HAL_Driver/Src/stm32wlxx_hal_gpio.o
 .debug_abbrev  0x00000fa8      0x209 ./Drivers/STM32WLxx_HAL_Driver/Src/stm32wlxx_hal_pwr.o
 .debug_abbrev  0x000011b1      0x2d3 ./Drivers/STM32WLxx_HAL_Driver/Src/stm32wlxx_hal_pwr_ex.o
 .debug_abbrev  0x00001484      0x32c ./Drivers/STM32WLxx_HAL_Driver/Src/stm32wlxx_hal_rcc.o
 .debug_abbrev  0x000017b0      0x2ca ./Drivers/STM32WLxx_HAL_Driver/Src/stm32wlxx_hal_rcc_ex.o
 .debug_abbrev  0x00001a7a      0x298 ./Drivers/STM32WLxx_HAL_Driver/Src/stm32wlxx_hal_subghz.o
 .debug_abbrev  0x00001d12      0x351 ./Drivers/STM32WLxx_HAL_Driver/Src/stm32wlxx_hal_uart.o
 .debug_abbrev  0x00002063      0x2d2 ./Drivers/STM32WLxx_HAL_Driver/Src/stm32wlxx_hal_uart_ex.o

.debug_aranges  0x00000000     0x1008
 .debug_aranges
                0x00000000       0x50 ./Core/Src/main.o
 .debug_aranges
                0x00000050       0x68 ./Core/Src/stm32wlxx_hal_msp.o
 .debug_aranges
                0x000000b8       0x60 ./Core/Src/stm32wlxx_it.o
 .debug_aranges
                0x00000118       0x20 ./Core/Src/sysmem.o
 .debug_aranges
                0x00000138       0x28 ./Core/Src/system_stm32wlxx.o
 .debug_aranges
                0x00000160       0x28 ./Core/Startup/startup_stm32wle5jcix.o
 .debug_aranges
                0x00000188      0x210 ./Drivers/STM32WLxx_HAL_Driver/Src/stm32wlxx_hal.o
 .debug_aranges
                0x00000398      0x118 ./Drivers/STM32WLxx_HAL_Driver/Src/stm32wlxx_hal_cortex.o
 .debug_aranges
                0x000004b0       0x60 ./Drivers/STM32WLxx_HAL_Driver/Src/stm32wlxx_hal_gpio.o
 .debug_aranges
                0x00000510       0xc8 ./Drivers/STM32WLxx_HAL_Driver/Src/stm32wlxx_hal_pwr.o
 .debug_aranges
                0x000005d8      0x1d0 ./Drivers/STM32WLxx_HAL_Driver/Src/stm32wlxx_hal_pwr_ex.o
 .debug_aranges
                0x000007a8      0x210 ./Drivers/STM32WLxx_HAL_Driver/Src/stm32wlxx_hal_rcc.o
 .debug_aranges
                0x000009b8      0x1e8 ./Drivers/STM32WLxx_HAL_Driver/Src/stm32wlxx_hal_rcc_ex.o
 .debug_aranges
                0x00000ba0      0x168 ./Drivers/STM32WLxx_HAL_Driver/Src/stm32wlxx_hal_subghz.o
 .debug_aranges
                0x00000d08      0x258 ./Drivers/STM32WLxx_HAL_Driver/Src/stm32wlxx_hal_uart.o
 .debug_aranges
                0x00000f60       0xa8 ./Drivers/STM32WLxx_HAL_Driver/Src/stm32wlxx_hal_uart_ex.o

.debug_rnglists
                0x00000000      0xc28
 .debug_rnglists
                0x00000000       0x3a ./Core/Src/main.o
 .debug_rnglists
                0x0000003a       0x4a ./Core/Src/stm32wlxx_hal_msp.o
 .debug_rnglists
                0x00000084       0x43 ./Core/Src/stm32wlxx_it.o
 .debug_rnglists
                0x000000c7       0x13 ./Core/Src/sysmem.o
 .debug_rnglists
                0x000000da       0x1a ./Core/Src/system_stm32wlxx.o
 .debug_rnglists
                0x000000f4       0x19 ./Core/Startup/startup_stm32wle5jcix.o
 .debug_rnglists
                0x0000010d      0x187 ./Drivers/STM32WLxx_HAL_Driver/Src/stm32wlxx_hal.o
 .debug_rnglists
                0x00000294       0xce ./Drivers/STM32WLxx_HAL_Driver/Src/stm32wlxx_hal_cortex.o
 .debug_rnglists
                0x00000362       0x45 ./Drivers/STM32WLxx_HAL_Driver/Src/stm32wlxx_hal_gpio.o
 .debug_rnglists
                0x000003a7       0x91 ./Drivers/STM32WLxx_HAL_Driver/Src/stm32wlxx_hal_pwr.o
 .debug_rnglists
                0x00000438      0x15c ./Drivers/STM32WLxx_HAL_Driver/Src/stm32wlxx_hal_pwr_ex.o
 .debug_rnglists
                0x00000594      0x18d ./Drivers/STM32WLxx_HAL_Driver/Src/stm32wlxx_hal_rcc.o
 .debug_rnglists
                0x00000721      0x16e ./Drivers/STM32WLxx_HAL_Driver/Src/stm32wlxx_hal_rcc_ex.o
 .debug_rnglists
                0x0000088f      0x114 ./Drivers/STM32WLxx_HAL_Driver/Src/stm32wlxx_hal_subghz.o
 .debug_rnglists
                0x000009a3      0x206 ./Drivers/STM32WLxx_HAL_Driver/Src/stm32wlxx_hal_uart.o
 .debug_rnglists
                0x00000ba9       0x7f ./Drivers/STM32WLxx_HAL_Driver/Src/stm32wlxx_hal_uart_ex.o

.debug_macro    0x00000000    0x19279
 .debug_macro   0x00000000      0x228 ./Core/Src/main.o
 .debug_macro   0x00000228      0xaae ./Core/Src/main.o
 .debug_macro   0x00000cd6      0x124 ./Core/Src/main.o
 .debug_macro   0x00000dfa       0x2e ./Core/Src/main.o
 .debug_macro   0x00000e28       0x34 ./Core/Src/main.o
 .debug_macro   0x00000e5c       0x22 ./Core/Src/main.o
 .debug_macro   0x00000e7e       0x8e ./Core/Src/main.o
 .debug_macro   0x00000f0c       0x51 ./Core/Src/main.o
 .debug_macro   0x00000f5d      0x103 ./Core/Src/main.o
 .debug_macro   0x00001060       0x6a ./Core/Src/main.o
 .debug_macro   0x000010ca      0x1df ./Core/Src/main.o
 .debug_macro   0x000012a9       0x1c ./Core/Src/main.o
 .debug_macro   0x000012c5       0x22 ./Core/Src/main.o
 .debug_macro   0x000012e7       0xfb ./Core/Src/main.o
 .debug_macro   0x000013e2     0x1011 ./Core/Src/main.o
 .debug_macro   0x000023f3      0x11f ./Core/Src/main.o
 .debug_macro   0x00002512     0xce53 ./Core/Src/main.o
 .debug_macro   0x0000f365       0x6d ./Core/Src/main.o
 .debug_macro   0x0000f3d2     0x341d ./Core/Src/main.o
 .debug_macro   0x000127ef      0x189 ./Core/Src/main.o
 .debug_macro   0x00012978       0x5c ./Core/Src/main.o
 .debug_macro   0x000129d4      0x416 ./Core/Src/main.o
 .debug_macro   0x00012dea      0x280 ./Core/Src/main.o
 .debug_macro   0x0001306a      0x330 ./Core/Src/main.o
 .debug_macro   0x0001339a      0x196 ./Core/Src/main.o
 .debug_macro   0x00013530       0x43 ./Core/Src/main.o
 .debug_macro   0x00013573      0x236 ./Core/Src/main.o
 .debug_macro   0x000137a9      0x22a ./Core/Src/main.o
 .debug_macro   0x000139d3      0x352 ./Core/Src/main.o
 .debug_macro   0x00013d25       0x2e ./Core/Src/main.o
 .debug_macro   0x00013d53       0xc1 ./Core/Src/main.o
 .debug_macro   0x00013e14      0x1ba ./Core/Src/main.o
 .debug_macro   0x00013fce       0xe6 ./Core/Src/main.o
 .debug_macro   0x000140b4      0x25f ./Core/Src/main.o
 .debug_macro   0x00014313      0x133 ./Core/Src/main.o
 .debug_macro   0x00014446      0x33e ./Core/Src/main.o
 .debug_macro   0x00014784      0x67c ./Core/Src/main.o
 .debug_macro   0x00014e00      0x113 ./Core/Src/main.o
 .debug_macro   0x00014f13      0xf9f ./Core/Src/main.o
 .debug_macro   0x00015eb2      0x115 ./Core/Src/main.o
 .debug_macro   0x00015fc7      0x2db ./Core/Src/main.o
 .debug_macro   0x000162a2      0x288 ./Core/Src/main.o
 .debug_macro   0x0001652a       0xd6 ./Core/Src/main.o
 .debug_macro   0x00016600      0x693 ./Core/Src/main.o
 .debug_macro   0x00016c93       0xa6 ./Core/Src/main.o
 .debug_macro   0x00016d39      0x269 ./Core/Src/main.o
 .debug_macro   0x00016fa2      0x293 ./Core/Src/main.o
 .debug_macro   0x00017235      0x228 ./Core/Src/stm32wlxx_hal_msp.o
 .debug_macro   0x0001745d      0x232 ./Core/Src/stm32wlxx_it.o
 .debug_macro   0x0001768f       0xff ./Core/Src/sysmem.o
 .debug_macro   0x0001778e      0x23c ./Core/Src/sysmem.o
 .debug_macro   0x000179ca      0x21e ./Core/Src/system_stm32wlxx.o
 .debug_macro   0x00017be8      0x242 ./Drivers/STM32WLxx_HAL_Driver/Src/stm32wlxx_hal.o
 .debug_macro   0x00017e2a      0x21e ./Drivers/STM32WLxx_HAL_Driver/Src/stm32wlxx_hal_cortex.o
 .debug_macro   0x00018048      0x224 ./Drivers/STM32WLxx_HAL_Driver/Src/stm32wlxx_hal_gpio.o
 .debug_macro   0x0001826c      0x26c ./Drivers/STM32WLxx_HAL_Driver/Src/stm32wlxx_hal_pwr.o
 .debug_macro   0x000184d8      0x230 ./Drivers/STM32WLxx_HAL_Driver/Src/stm32wlxx_hal_pwr_ex.o
 .debug_macro   0x00018708      0x27e ./Drivers/STM32WLxx_HAL_Driver/Src/stm32wlxx_hal_rcc.o
 .debug_macro   0x00018986      0x230 ./Drivers/STM32WLxx_HAL_Driver/Src/stm32wlxx_hal_rcc_ex.o
 .debug_macro   0x00018bb6      0x250 ./Drivers/STM32WLxx_HAL_Driver/Src/stm32wlxx_hal_subghz.o
 .debug_macro   0x00018e06      0x249 ./Drivers/STM32WLxx_HAL_Driver/Src/stm32wlxx_hal_uart.o
 .debug_macro   0x0001904f      0x22a ./Drivers/STM32WLxx_HAL_Driver/Src/stm32wlxx_hal_uart_ex.o

.debug_line     0x00000000     0xfcab
 .debug_line    0x00000000      0xaf9 ./Core/Src/main.o
 .debug_line    0x00000af9      0x9bf ./Core/Src/stm32wlxx_hal_msp.o
 .debug_line    0x000014b8      0x95a ./Core/Src/stm32wlxx_it.o
 .debug_line    0x00001e12      0x646 ./Core/Src/sysmem.o
 .debug_line    0x00002458      0x92b ./Core/Src/system_stm32wlxx.o
 .debug_line    0x00002d83       0x7b ./Core/Startup/startup_stm32wle5jcix.o
 .debug_line    0x00002dfe      0xf6a ./Drivers/STM32WLxx_HAL_Driver/Src/stm32wlxx_hal.o
 .debug_line    0x00003d68      0xe29 ./Drivers/STM32WLxx_HAL_Driver/Src/stm32wlxx_hal_cortex.o
 .debug_line    0x00004b91      0xcbe ./Drivers/STM32WLxx_HAL_Driver/Src/stm32wlxx_hal_gpio.o
 .debug_line    0x0000584f      0xb16 ./Drivers/STM32WLxx_HAL_Driver/Src/stm32wlxx_hal_pwr.o
 .debug_line    0x00006365      0xf2e ./Drivers/STM32WLxx_HAL_Driver/Src/stm32wlxx_hal_pwr_ex.o
 .debug_line    0x00007293     0x178f ./Drivers/STM32WLxx_HAL_Driver/Src/stm32wlxx_hal_rcc.o
 .debug_line    0x00008a22     0x1502 ./Drivers/STM32WLxx_HAL_Driver/Src/stm32wlxx_hal_rcc_ex.o
 .debug_line    0x00009f24     0x1171 ./Drivers/STM32WLxx_HAL_Driver/Src/stm32wlxx_hal_subghz.o
 .debug_line    0x0000b095     0x3d2a ./Drivers/STM32WLxx_HAL_Driver/Src/stm32wlxx_hal_uart.o
 .debug_line    0x0000edbf      0xeec ./Drivers/STM32WLxx_HAL_Driver/Src/stm32wlxx_hal_uart_ex.o

.debug_str      0x00000000    0x9e565
 .debug_str     0x00000000    0x98436 ./Core/Src/main.o
                              0x989f1 (size before relaxing)
 .debug_str     0x00098436      0x251 ./Core/Src/stm32wlxx_hal_msp.o
                              0x98570 (size before relaxing)
 .debug_str     0x00098687       0xc9 ./Core/Src/stm32wlxx_it.o
                              0x97b7b (size before relaxing)
 .debug_str     0x00098750     0x202f ./Core/Src/sysmem.o
                               0x60a5 (size before relaxing)
 .debug_str     0x0009a77f       0x9e ./Core/Src/system_stm32wlxx.o
                              0x97cae (size before relaxing)
 .debug_str     0x0009a81d       0x44 ./Core/Startup/startup_stm32wle5jcix.o
                                 0x9f (size before relaxing)
 .debug_str     0x0009a861      0xbe1 ./Drivers/STM32WLxx_HAL_Driver/Src/stm32wlxx_hal.o
                              0x98960 (size before relaxing)
 .debug_str     0x0009b442      0x393 ./Drivers/STM32WLxx_HAL_Driver/Src/stm32wlxx_hal_cortex.o
                              0x9841e (size before relaxing)
 .debug_str     0x0009b7d5      0x152 ./Drivers/STM32WLxx_HAL_Driver/Src/stm32wlxx_hal_gpio.o
                              0x97d94 (size before relaxing)
 .debug_str     0x0009b927      0x4d4 ./Drivers/STM32WLxx_HAL_Driver/Src/stm32wlxx_hal_pwr.o
                              0x98105 (size before relaxing)
 .debug_str     0x0009bdfb      0x635 ./Drivers/STM32WLxx_HAL_Driver/Src/stm32wlxx_hal_pwr_ex.o
                              0x98452 (size before relaxing)
 .debug_str     0x0009c430      0xa2d ./Drivers/STM32WLxx_HAL_Driver/Src/stm32wlxx_hal_rcc.o
                              0x989c9 (size before relaxing)
 .debug_str     0x0009ce5d      0x569 ./Drivers/STM32WLxx_HAL_Driver/Src/stm32wlxx_hal_rcc_ex.o
                              0x9859d (size before relaxing)
 .debug_str     0x0009d3c6      0x529 ./Drivers/STM32WLxx_HAL_Driver/Src/stm32wlxx_hal_subghz.o
                              0x9877b (size before relaxing)
 .debug_str     0x0009d8ef      0xa0b ./Drivers/STM32WLxx_HAL_Driver/Src/stm32wlxx_hal_uart.o
                              0x98cec (size before relaxing)
 .debug_str     0x0009e2fa      0x26b ./Drivers/STM32WLxx_HAL_Driver/Src/stm32wlxx_hal_uart_ex.o
                              0x984a2 (size before relaxing)

.comment        0x00000000       0x43
 .comment       0x00000000       0x43 ./Core/Src/main.o
                                 0x44 (size before relaxing)
 .comment       0x00000043       0x44 ./Core/Src/stm32wlxx_hal_msp.o
 .comment       0x00000043       0x44 ./Core/Src/stm32wlxx_it.o
 .comment       0x00000043       0x44 ./Core/Src/sysmem.o
 .comment       0x00000043       0x44 ./Core/Src/system_stm32wlxx.o
 .comment       0x00000043       0x44 ./Drivers/STM32WLxx_HAL_Driver/Src/stm32wlxx_hal.o
 .comment       0x00000043       0x44 ./Drivers/STM32WLxx_HAL_Driver/Src/stm32wlxx_hal_cortex.o
 .comment       0x00000043       0x44 ./Drivers/STM32WLxx_HAL_Driver/Src/stm32wlxx_hal_gpio.o
 .comment       0x00000043       0x44 ./Drivers/STM32WLxx_HAL_Driver/Src/stm32wlxx_hal_pwr.o
 .comment       0x00000043       0x44 ./Drivers/STM32WLxx_HAL_Driver/Src/stm32wlxx_hal_pwr_ex.o
 .comment       0x00000043       0x44 ./Drivers/STM32WLxx_HAL_Driver/Src/stm32wlxx_hal_rcc.o
 .comment       0x00000043       0x44 ./Drivers/STM32WLxx_HAL_Driver/Src/stm32wlxx_hal_rcc_ex.o
 .comment       0x00000043       0x44 ./Drivers/STM32WLxx_HAL_Driver/Src/stm32wlxx_hal_subghz.o
 .comment       0x00000043       0x44 ./Drivers/STM32WLxx_HAL_Driver/Src/stm32wlxx_hal_uart.o
 .comment       0x00000043       0x44 ./Drivers/STM32WLxx_HAL_Driver/Src/stm32wlxx_hal_uart_ex.o

.debug_frame    0x00000000     0x4768
 .debug_frame   0x00000000       0xf0 ./Core/Src/main.o
 .debug_frame   0x000000f0      0x188 ./Core/Src/stm32wlxx_hal_msp.o
 .debug_frame   0x00000278      0x104 ./Core/Src/stm32wlxx_it.o
 .debug_frame   0x0000037c       0x34 ./Core/Src/sysmem.o
 .debug_frame   0x000003b0       0x58 ./Core/Src/system_stm32wlxx.o
 .debug_frame   0x00000408      0x860 ./Drivers/STM32WLxx_HAL_Driver/Src/stm32wlxx_hal.o
 .debug_frame   0x00000c68      0x498 ./Drivers/STM32WLxx_HAL_Driver/Src/stm32wlxx_hal_cortex.o
 .debug_frame   0x00001100      0x174 ./Drivers/STM32WLxx_HAL_Driver/Src/stm32wlxx_hal_gpio.o
 .debug_frame   0x00001274      0x31c ./Drivers/STM32WLxx_HAL_Driver/Src/stm32wlxx_hal_pwr.o
 .debug_frame   0x00001590      0x7cc ./Drivers/STM32WLxx_HAL_Driver/Src/stm32wlxx_hal_pwr_ex.o
 .debug_frame   0x00001d5c      0x874 ./Drivers/STM32WLxx_HAL_Driver/Src/stm32wlxx_hal_rcc.o
 .debug_frame   0x000025d0      0x7ec ./Drivers/STM32WLxx_HAL_Driver/Src/stm32wlxx_hal_rcc_ex.o
 .debug_frame   0x00002dbc      0x624 ./Drivers/STM32WLxx_HAL_Driver/Src/stm32wlxx_hal_subghz.o
 .debug_frame   0x000033e0      0xae4 ./Drivers/STM32WLxx_HAL_Driver/Src/stm32wlxx_hal_uart.o
 .debug_frame   0x00003ec4      0x2c0 ./Drivers/STM32WLxx_HAL_Driver/Src/stm32wlxx_hal_uart_ex.o
 .debug_frame   0x00004184      0x144 F:/Programme/STM32CubeIDE/STM32CubeIDE_1.12.1/STM32CubeIDE/plugins/com.st.stm32cube.ide.mcu.externaltools.gnu-tools-for-stm32.12.3.rel1.win32_1.0.100.202403111256/tools/bin/../lib/gcc/arm-none-eabi/12.3.1/../../../../arm-none-eabi/lib/thumb/v7e-m/nofp\libc_nano.a(libc_a-findfp.o)
 .debug_frame   0x000042c8       0x6c F:/Programme/STM32CubeIDE/STM32CubeIDE_1.12.1/STM32CubeIDE/plugins/com.st.stm32cube.ide.mcu.externaltools.gnu-tools-for-stm32.12.3.rel1.win32_1.0.100.202403111256/tools/bin/../lib/gcc/arm-none-eabi/12.3.1/../../../../arm-none-eabi/lib/thumb/v7e-m/nofp\libc_nano.a(libc_a-sprintf.o)
 .debug_frame   0x00004334       0x20 F:/Programme/STM32CubeIDE/STM32CubeIDE_1.12.1/STM32CubeIDE/plugins/com.st.stm32cube.ide.mcu.externaltools.gnu-tools-for-stm32.12.3.rel1.win32_1.0.100.202403111256/tools/bin/../lib/gcc/arm-none-eabi/12.3.1/../../../../arm-none-eabi/lib/thumb/v7e-m/nofp\libc_nano.a(libc_a-memset.o)
 .debug_frame   0x00004354       0x38 F:/Programme/STM32CubeIDE/STM32CubeIDE_1.12.1/STM32CubeIDE/plugins/com.st.stm32cube.ide.mcu.externaltools.gnu-tools-for-stm32.12.3.rel1.win32_1.0.100.202403111256/tools/bin/../lib/gcc/arm-none-eabi/12.3.1/../../../../arm-none-eabi/lib/thumb/v7e-m/nofp\libc_nano.a(libc_a-reent.o)
 .debug_frame   0x0000438c       0x20 F:/Programme/STM32CubeIDE/STM32CubeIDE_1.12.1/STM32CubeIDE/plugins/com.st.stm32cube.ide.mcu.externaltools.gnu-tools-for-stm32.12.3.rel1.win32_1.0.100.202403111256/tools/bin/../lib/gcc/arm-none-eabi/12.3.1/../../../../arm-none-eabi/lib/thumb/v7e-m/nofp\libc_nano.a(libc_a-errno.o)
 .debug_frame   0x000043ac       0x2c F:/Programme/STM32CubeIDE/STM32CubeIDE_1.12.1/STM32CubeIDE/plugins/com.st.stm32cube.ide.mcu.externaltools.gnu-tools-for-stm32.12.3.rel1.win32_1.0.100.202403111256/tools/bin/../lib/gcc/arm-none-eabi/12.3.1/../../../../arm-none-eabi/lib/thumb/v7e-m/nofp\libc_nano.a(libc_a-init.o)
 .debug_frame   0x000043d8       0xb0 F:/Programme/STM32CubeIDE/STM32CubeIDE_1.12.1/STM32CubeIDE/plugins/com.st.stm32cube.ide.mcu.externaltools.gnu-tools-for-stm32.12.3.rel1.win32_1.0.100.202403111256/tools/bin/../lib/gcc/arm-none-eabi/12.3.1/../../../../arm-none-eabi/lib/thumb/v7e-m/nofp\libc_nano.a(libc_a-lock.o)
 .debug_frame   0x00004488       0x38 F:/Programme/STM32CubeIDE/STM32CubeIDE_1.12.1/STM32CubeIDE/plugins/com.st.stm32cube.ide.mcu.externaltools.gnu-tools-for-stm32.12.3.rel1.win32_1.0.100.202403111256/tools/bin/../lib/gcc/arm-none-eabi/12.3.1/../../../../arm-none-eabi/lib/thumb/v7e-m/nofp\libc_nano.a(libc_a-freer.o)
 .debug_frame   0x000044c0       0x50 F:/Programme/STM32CubeIDE/STM32CubeIDE_1.12.1/STM32CubeIDE/plugins/com.st.stm32cube.ide.mcu.externaltools.gnu-tools-for-stm32.12.3.rel1.win32_1.0.100.202403111256/tools/bin/../lib/gcc/arm-none-eabi/12.3.1/../../../../arm-none-eabi/lib/thumb/v7e-m/nofp\libc_nano.a(libc_a-mallocr.o)
 .debug_frame   0x00004510       0x30 F:/Programme/STM32CubeIDE/STM32CubeIDE_1.12.1/STM32CubeIDE/plugins/com.st.stm32cube.ide.mcu.externaltools.gnu-tools-for-stm32.12.3.rel1.win32_1.0.100.202403111256/tools/bin/../lib/gcc/arm-none-eabi/12.3.1/../../../../arm-none-eabi/lib/thumb/v7e-m/nofp\libc_nano.a(libc_a-mlock.o)
 .debug_frame   0x00004540       0x90 F:/Programme/STM32CubeIDE/STM32CubeIDE_1.12.1/STM32CubeIDE/plugins/com.st.stm32cube.ide.mcu.externaltools.gnu-tools-for-stm32.12.3.rel1.win32_1.0.100.202403111256/tools/bin/../lib/gcc/arm-none-eabi/12.3.1/../../../../arm-none-eabi/lib/thumb/v7e-m/nofp\libc_nano.a(libc_a-nano-svfprintf.o)
 .debug_frame   0x000045d0       0x60 F:/Programme/STM32CubeIDE/STM32CubeIDE_1.12.1/STM32CubeIDE/plugins/com.st.stm32cube.ide.mcu.externaltools.gnu-tools-for-stm32.12.3.rel1.win32_1.0.100.202403111256/tools/bin/../lib/gcc/arm-none-eabi/12.3.1/../../../../arm-none-eabi/lib/thumb/v7e-m/nofp\libc_nano.a(libc_a-nano-vfprintf_i.o)
 .debug_frame   0x00004630       0x28 F:/Programme/STM32CubeIDE/STM32CubeIDE_1.12.1/STM32CubeIDE/plugins/com.st.stm32cube.ide.mcu.externaltools.gnu-tools-for-stm32.12.3.rel1.win32_1.0.100.202403111256/tools/bin/../lib/gcc/arm-none-eabi/12.3.1/../../../../arm-none-eabi/lib/thumb/v7e-m/nofp\libc_nano.a(libc_a-memmove.o)
 .debug_frame   0x00004658       0x2c F:/Programme/STM32CubeIDE/STM32CubeIDE_1.12.1/STM32CubeIDE/plugins/com.st.stm32cube.ide.mcu.externaltools.gnu-tools-for-stm32.12.3.rel1.win32_1.0.100.202403111256/tools/bin/../lib/gcc/arm-none-eabi/12.3.1/../../../../arm-none-eabi/lib/thumb/v7e-m/nofp\libc_nano.a(libc_a-sbrkr.o)
 .debug_frame   0x00004684       0x28 F:/Programme/STM32CubeIDE/STM32CubeIDE_1.12.1/STM32CubeIDE/plugins/com.st.stm32cube.ide.mcu.externaltools.gnu-tools-for-stm32.12.3.rel1.win32_1.0.100.202403111256/tools/bin/../lib/gcc/arm-none-eabi/12.3.1/../../../../arm-none-eabi/lib/thumb/v7e-m/nofp\libc_nano.a(libc_a-memcpy-stub.o)
 .debug_frame   0x000046ac       0x3c F:/Programme/STM32CubeIDE/STM32CubeIDE_1.12.1/STM32CubeIDE/plugins/com.st.stm32cube.ide.mcu.externaltools.gnu-tools-for-stm32.12.3.rel1.win32_1.0.100.202403111256/tools/bin/../lib/gcc/arm-none-eabi/12.3.1/../../../../arm-none-eabi/lib/thumb/v7e-m/nofp\libc_nano.a(libc_a-reallocr.o)
 .debug_frame   0x000046e8       0x20 F:/Programme/STM32CubeIDE/STM32CubeIDE_1.12.1/STM32CubeIDE/plugins/com.st.stm32cube.ide.mcu.externaltools.gnu-tools-for-stm32.12.3.rel1.win32_1.0.100.202403111256/tools/bin/../lib/gcc/arm-none-eabi/12.3.1/../../../../arm-none-eabi/lib/thumb/v7e-m/nofp\libc_nano.a(libc_a-msizer.o)
 .debug_frame   0x00004708       0x2c F:/Programme/STM32CubeIDE/STM32CubeIDE_1.12.1/STM32CubeIDE/plugins/com.st.stm32cube.ide.mcu.externaltools.gnu-tools-for-stm32.12.3.rel1.win32_1.0.100.202403111256/tools/bin/../lib/gcc/arm-none-eabi/12.3.1/thumb/v7e-m/nofp\libgcc.a(_aeabi_uldivmod.o)
 .debug_frame   0x00004734       0x34 F:/Programme/STM32CubeIDE/STM32CubeIDE_1.12.1/STM32CubeIDE/plugins/com.st.stm32cube.ide.mcu.externaltools.gnu-tools-for-stm32.12.3.rel1.win32_1.0.100.202403111256/tools/bin/../lib/gcc/arm-none-eabi/12.3.1/thumb/v7e-m/nofp\libgcc.a(_udivmoddi4.o)

.debug_line_str
                0x00000000       0x83
 .debug_line_str
                0x00000000       0x83 ./Core/Startup/startup_stm32wle5jcix.o
